LCD.c:23:13:lcd_write_cmd	16	static
LCD.c:35:6:lcd_write_data	16	static
LCD.c:40:17:lcd_read_data	16	static
LCD.c:50:13:lcd_write_reg	16	static
LCD.c:56:17:lcd_read_reg	24	static
LCD.c:69:12:lcd_read_id	8	static
LCD.c:86:13:ILI9341_REG_Config	8	static
LCD.c:325:6:ILI9341_Rst	8	static
LCD.c:362:6:ILI9341_GramScan	16	static
LCD.c:402:6:lcd_init	8	static
LCD.c:414:6:ILI9341_OpenWindow	24	static
LCD.c:432:13:ILI9341_SetCursor	16	static
LCD.c:439:22:ILI9341_FillColor	24	static
LCD.c:455:6:ILI9341_Clear	24	static
LCD.c:465:6:ILI9341_SetPointPixel	16	static
LCD.c:476:6:lcd_auto_clear	24	static
LCD.c:489:6:ILI9341_DrawLine	64	static
LCD.c:562:6:ILI9341_DrawRectangle	24	static
LCD.c:579:6:ILI9341_DispChar_EN	32	static
LCD.c:609:6:ILI9341_DispStringLine_EN	24	static
LCD.c:638:6:ILI9341_DispString_EN	16	static
LCD.c:665:6:ILI9341_DispString_EN_YDir	16	static
LCD.c:690:6:LCD_SetFont	16	static
LCD.c:696:8:LCD_GetFont	4	static
LCD.c:703:6:LCD_SetColors	16	static
LCD.c:710:6:LCD_GetColors	16	static
LCD.c:717:6:LCD_SetTextColor	16	static
LCD.c:723:6:LCD_SetBackColor	16	static
LCD.c:729:6:LCD_ClearLine	32	static
LCD.c:735:6:LCD_WriteRAM_Prepare	8	static
LCD.c:742:6:LCD_WriteData_Color	16	static
LCD.c:749:6:LCD_Display_Dir	16	static
LCD.c:755:7:LCD_ImgShow	24	static
LCD.c:773:7:LCD_ImgShow_gray	32	static
LCD.c:794:13:get_gau_kernel	48	static
LCD.c:815:6:LCD_ImgShow_hot	242176	static
