core_cm7.h:2229:22:SCB_EnableICache	4	static,ignoring_inline_asm
main.c:132:5:main	153872	static
main.c:388:6:SystemClock_Config	312	static
main.c:460:13:MX_DCMI_Init	8	static
main.c:497:13:MX_I2C1_Init	8	static
main.c:543:13:MX_SPI1_Init	8	static
main.c:591:13:MX_TIM2_Init	40	static
main.c:636:13:MX_UART4_Init	8	static
main.c:684:13:MX_UART5_Init	8	static
main.c:732:13:MX_UART7_Init	8	static
main.c:780:13:MX_USART1_UART_Init	8	static
main.c:828:13:MX_USART2_UART_Init	8	static
main.c:876:13:MX_USART3_UART_Init	8	static
main.c:922:13:MX_DMA_Init	16	static
main.c:936:13:MX_FMC_Init	40	static
main.c:994:13:MX_GPIO_Init	64	static
main.c:1082:6:grey_transmit	24	static
main.c:1089:13:onFrameCallback	4	static
main.c:1092:6:HAL_UART_RxCpltCallback	16	static
main.c:1116:6:GPS_Init	8	static
main.c:1124:6:transfer	344	static
main.c:1184:6:parseGPS	24	static
main.c:1216:6:printGPS	16	static
main.c:1238:6:MPU_Config	24	static
main.c:1268:6:Error_Handler	4	static
