Archive member included to satisfy reference by file (symbol)

d:/app/stm32cubeide_1.5.1/stm32cubeide/plugins/com.st.stm32cube.ide.mcu.externaltools.gnu-tools-for-stm32.7-2018-q2-update.win32_1.5.0.202011040924/tools/bin/../lib/gcc/arm-none-eabi/7.3.1/../../../../arm-none-eabi/lib/thumb/v7e-m/fpv5/hard\libc_nano.a(lib_a-errno.o)
                              Core/Src/syscalls.o (__errno)
d:/app/stm32cubeide_1.5.1/stm32cubeide/plugins/com.st.stm32cube.ide.mcu.externaltools.gnu-tools-for-stm32.7-2018-q2-update.win32_1.5.0.202011040924/tools/bin/../lib/gcc/arm-none-eabi/7.3.1/../../../../arm-none-eabi/lib/thumb/v7e-m/fpv5/hard\libc_nano.a(lib_a-exit.o)
                              d:/app/stm32cubeide_1.5.1/stm32cubeide/plugins/com.st.stm32cube.ide.mcu.externaltools.gnu-tools-for-stm32.7-2018-q2-update.win32_1.5.0.202011040924/tools/bin/../lib/gcc/arm-none-eabi/7.3.1/../../../../arm-none-eabi/lib/thumb/v7e-m/fpv5/hard/crt0.o (exit)
d:/app/stm32cubeide_1.5.1/stm32cubeide/plugins/com.st.stm32cube.ide.mcu.externaltools.gnu-tools-for-stm32.7-2018-q2-update.win32_1.5.0.202011040924/tools/bin/../lib/gcc/arm-none-eabi/7.3.1/../../../../arm-none-eabi/lib/thumb/v7e-m/fpv5/hard\libc_nano.a(lib_a-impure.o)
                              d:/app/stm32cubeide_1.5.1/stm32cubeide/plugins/com.st.stm32cube.ide.mcu.externaltools.gnu-tools-for-stm32.7-2018-q2-update.win32_1.5.0.202011040924/tools/bin/../lib/gcc/arm-none-eabi/7.3.1/../../../../arm-none-eabi/lib/thumb/v7e-m/fpv5/hard\libc_nano.a(lib_a-exit.o) (_global_impure_ptr)
d:/app/stm32cubeide_1.5.1/stm32cubeide/plugins/com.st.stm32cube.ide.mcu.externaltools.gnu-tools-for-stm32.7-2018-q2-update.win32_1.5.0.202011040924/tools/bin/../lib/gcc/arm-none-eabi/7.3.1/../../../../arm-none-eabi/lib/thumb/v7e-m/fpv5/hard\libc_nano.a(lib_a-init.o)
                              d:/app/stm32cubeide_1.5.1/stm32cubeide/plugins/com.st.stm32cube.ide.mcu.externaltools.gnu-tools-for-stm32.7-2018-q2-update.win32_1.5.0.202011040924/tools/bin/../lib/gcc/arm-none-eabi/7.3.1/../../../../arm-none-eabi/lib/thumb/v7e-m/fpv5/hard/crt0.o (__libc_init_array)
d:/app/stm32cubeide_1.5.1/stm32cubeide/plugins/com.st.stm32cube.ide.mcu.externaltools.gnu-tools-for-stm32.7-2018-q2-update.win32_1.5.0.202011040924/tools/bin/../lib/gcc/arm-none-eabi/7.3.1/../../../../arm-none-eabi/lib/thumb/v7e-m/fpv5/hard\libc_nano.a(lib_a-itoa.o)
                              Core/Src/main.o (itoa)
d:/app/stm32cubeide_1.5.1/stm32cubeide/plugins/com.st.stm32cube.ide.mcu.externaltools.gnu-tools-for-stm32.7-2018-q2-update.win32_1.5.0.202011040924/tools/bin/../lib/gcc/arm-none-eabi/7.3.1/../../../../arm-none-eabi/lib/thumb/v7e-m/fpv5/hard\libc_nano.a(lib_a-malloc.o)
                              Core/Src/main.o (malloc)
d:/app/stm32cubeide_1.5.1/stm32cubeide/plugins/com.st.stm32cube.ide.mcu.externaltools.gnu-tools-for-stm32.7-2018-q2-update.win32_1.5.0.202011040924/tools/bin/../lib/gcc/arm-none-eabi/7.3.1/../../../../arm-none-eabi/lib/thumb/v7e-m/fpv5/hard\libc_nano.a(lib_a-memcpy-stub.o)
                              Core/Src/main.o (memcpy)
d:/app/stm32cubeide_1.5.1/stm32cubeide/plugins/com.st.stm32cube.ide.mcu.externaltools.gnu-tools-for-stm32.7-2018-q2-update.win32_1.5.0.202011040924/tools/bin/../lib/gcc/arm-none-eabi/7.3.1/../../../../arm-none-eabi/lib/thumb/v7e-m/fpv5/hard\libc_nano.a(lib_a-memset.o)
                              d:/app/stm32cubeide_1.5.1/stm32cubeide/plugins/com.st.stm32cube.ide.mcu.externaltools.gnu-tools-for-stm32.7-2018-q2-update.win32_1.5.0.202011040924/tools/bin/../lib/gcc/arm-none-eabi/7.3.1/../../../../arm-none-eabi/lib/thumb/v7e-m/fpv5/hard/crt0.o (memset)
d:/app/stm32cubeide_1.5.1/stm32cubeide/plugins/com.st.stm32cube.ide.mcu.externaltools.gnu-tools-for-stm32.7-2018-q2-update.win32_1.5.0.202011040924/tools/bin/../lib/gcc/arm-none-eabi/7.3.1/../../../../arm-none-eabi/lib/thumb/v7e-m/fpv5/hard\libc_nano.a(lib_a-nano-freer.o)
                              d:/app/stm32cubeide_1.5.1/stm32cubeide/plugins/com.st.stm32cube.ide.mcu.externaltools.gnu-tools-for-stm32.7-2018-q2-update.win32_1.5.0.202011040924/tools/bin/../lib/gcc/arm-none-eabi/7.3.1/../../../../arm-none-eabi/lib/thumb/v7e-m/fpv5/hard\libc_nano.a(lib_a-malloc.o) (_free_r)
d:/app/stm32cubeide_1.5.1/stm32cubeide/plugins/com.st.stm32cube.ide.mcu.externaltools.gnu-tools-for-stm32.7-2018-q2-update.win32_1.5.0.202011040924/tools/bin/../lib/gcc/arm-none-eabi/7.3.1/../../../../arm-none-eabi/lib/thumb/v7e-m/fpv5/hard\libc_nano.a(lib_a-nano-mallocr.o)
                              d:/app/stm32cubeide_1.5.1/stm32cubeide/plugins/com.st.stm32cube.ide.mcu.externaltools.gnu-tools-for-stm32.7-2018-q2-update.win32_1.5.0.202011040924/tools/bin/../lib/gcc/arm-none-eabi/7.3.1/../../../../arm-none-eabi/lib/thumb/v7e-m/fpv5/hard\libc_nano.a(lib_a-malloc.o) (_malloc_r)
[...]
Memory Configuration

Name             Origin             Length             Attributes
DTCMRAM          0x0000000020000000 0x0000000000020000 xrw
ITCMRAM          0x0000000000000000 0x0000000000010000 xrw
RAM_D1           0x0000000024000000 0x0000000000080000 xrw
RAM_D2           0x0000000030000000 0x0000000000048000 xrw
RAM_D3           0x0000000038000000 0x0000000000010000 xrw
FLASH            0x0000000008000000 0x0000000000200000 xr
*default*        0x0000000000000000 0xffffffffffffffff

Linker script and memory map

LOAD d:/app/stm32cubeide_1.5.1/stm32cubeide/plugins/com.st.stm32cube.ide.mcu.externaltools.gnu-tools-for-stm32.7-2018-q2-update.win32_1.5.0.202011040924/tools/bin/../lib/gcc/arm-none-eabi/7.3.1/thumb/v7e-m/fpv5/hard/crti.o
LOAD d:/app/stm32cubeide_1.5.1/stm32cubeide/plugins/com.st.stm32cube.ide.mcu.externaltools.gnu-tools-for-stm32.7-2018-q2-update.win32_1.5.0.202011040924/tools/bin/../lib/gcc/arm-none-eabi/7.3.1/thumb/v7e-m/fpv5/hard/crtbegin.o
LOAD d:/app/stm32cubeide_1.5.1/stm32cubeide/plugins/com.st.stm32cube.ide.mcu.externaltools.gnu-tools-for-stm32.7-2018-q2-update.win32_1.5.0.202011040924/tools/bin/../lib/gcc/arm-none-eabi/7.3.1/../../../../arm-none-eabi/lib/thumb/v7e-m/fpv5/hard/crt0.o
LOAD Core/Src/LCD.o
LOAD Core/Src/common.o
LOAD Core/Src/fonts.o
LOAD Core/Src/hot_camera.o
LOAD Core/Src/main.o
LOAD Core/Src/pic.o
LOAD Core/Src/stm32h7xx_hal_msp.o
LOAD Core/Src/stm32h7xx_it.o
LOAD Core/Src/syscalls.o
LOAD Core/Src/sysmem.o
LOAD Core/Src/system_stm32h7xx.o
LOAD Core/Src/wifi.o
LOAD Core/Startup/startup_stm32h743zitx.o
LOAD Drivers/OV7670/OV7670.o
LOAD Drivers/STM32H7xx_HAL_Driver/Src/stm32h7xx_hal.o
LOAD Drivers/STM32H7xx_HAL_Driver/Src/stm32h7xx_hal_cortex.o
LOAD Drivers/STM32H7xx_HAL_Driver/Src/stm32h7xx_hal_dcmi.o
LOAD Drivers/STM32H7xx_HAL_Driver/Src/stm32h7xx_hal_dma.o
LOAD Drivers/STM32H7xx_HAL_Driver/Src/stm32h7xx_hal_dma_ex.o
LOAD Drivers/STM32H7xx_HAL_Driver/Src/stm32h7xx_hal_exti.o
LOAD Drivers/STM32H7xx_HAL_Driver/Src/stm32h7xx_hal_flash.o
LOAD Drivers/STM32H7xx_HAL_Driver/Src/stm32h7xx_hal_flash_ex.o
LOAD Drivers/STM32H7xx_HAL_Driver/Src/stm32h7xx_hal_gpio.o
LOAD Drivers/STM32H7xx_HAL_Driver/Src/stm32h7xx_hal_hsem.o
LOAD Drivers/STM32H7xx_HAL_Driver/Src/stm32h7xx_hal_i2c.o
LOAD Drivers/STM32H7xx_HAL_Driver/Src/stm32h7xx_hal_i2c_ex.o
LOAD Drivers/STM32H7xx_HAL_Driver/Src/stm32h7xx_hal_mdma.o
LOAD Drivers/STM32H7xx_HAL_Driver/Src/stm32h7xx_hal_pwr.o
LOAD Drivers/STM32H7xx_HAL_Driver/Src/stm32h7xx_hal_pwr_ex.o
LOAD Drivers/STM32H7xx_HAL_Driver/Src/stm32h7xx_hal_rcc.o
LOAD Drivers/STM32H7xx_HAL_Driver/Src/stm32h7xx_hal_rcc_ex.o
LOAD Drivers/STM32H7xx_HAL_Driver/Src/stm32h7xx_hal_spi.o
LOAD Drivers/STM32H7xx_HAL_Driver/Src/stm32h7xx_hal_spi_ex.o
LOAD Drivers/STM32H7xx_HAL_Driver/Src/stm32h7xx_hal_sram.o
LOAD Drivers/STM32H7xx_HAL_Driver/Src/stm32h7xx_hal_tim.o
LOAD Drivers/STM32H7xx_HAL_Driver/Src/stm32h7xx_hal_tim_ex.o
LOAD Drivers/STM32H7xx_HAL_Driver/Src/stm32h7xx_hal_uart.o
LOAD Drivers/STM32H7xx_HAL_Driver/Src/stm32h7xx_hal_uart_ex.o
LOAD Drivers/STM32H7xx_HAL_Driver/Src/stm32h7xx_ll_fmc.o
START GROUP
LOAD d:/app/stm32cubeide_1.5.1/stm32cubeide/plugins/com.st.stm32cube.ide.mcu.externaltools.gnu-tools-for-stm32.7-2018-q2-update.win32_1.5.0.202011040924/tools/bin/../lib/gcc/arm-none-eabi/7.3.1/../../../../arm-none-eabi/lib/thumb/v7e-m/fpv5/hard\libc_nano.a
LOAD d:/app/stm32cubeide_1.5.1/stm32cubeide/plugins/com.st.stm32cube.ide.mcu.externaltools.gnu-tools-for-stm32.7-2018-q2-update.win32_1.5.0.202011040924/tools/bin/../lib/gcc/arm-none-eabi/7.3.1/../../../../arm-none-eabi/lib/thumb/v7e-m/fpv5/hard\libm.a
END GROUP
START GROUP
LOAD d:/app/stm32cubeide_1.5.1/stm32cubeide/plugins/com.st.stm32cube.ide.mcu.externaltools.gnu-tools-for-stm32.7-2018-q2-update.win32_1.5.0.202011040924/tools/bin/../lib/gcc/arm-none-eabi/7.3.1/thumb/v7e-m/fpv5/hard\libgcc.a
LOAD d:/app/stm32cubeide_1.5.1/stm32cubeide/plugins/com.st.stm32cube.ide.mcu.externaltools.gnu-tools-for-stm32.7-2018-q2-update.win32_1.5.0.202011040924/tools/bin/../lib/gcc/arm-none-eabi/7.3.1/../../../../arm-none-eabi/lib/thumb/v7e-m/fpv5/hard\libc_nano.a
END GROUP
START GROUP
LOAD d:/app/stm32cubeide_1.5.1/stm32cubeide/plugins/com.st.stm32cube.ide.mcu.externaltools.gnu-tools-for-stm32.7-2018-q2-update.win32_1.5.0.202011040924/tools/bin/../lib/gcc/arm-none-eabi/7.3.1/thumb/v7e-m/fpv5/hard\libgcc.a
LOAD d:/app/stm32cubeide_1.5.1/stm32cubeide/plugins/com.st.stm32cube.ide.mcu.externaltools.gnu-tools-for-stm32.7-2018-q2-update.win32_1.5.0.202011040924/tools/bin/../lib/gcc/arm-none-eabi/7.3.1/../../../../arm-none-eabi/lib/thumb/v7e-m/fpv5/hard\libc_nano.a
LOAD d:/app/stm32cubeide_1.5.1/stm32cubeide/plugins/com.st.stm32cube.ide.mcu.externaltools.gnu-tools-for-stm32.7-2018-q2-update.win32_1.5.0.202011040924/tools/bin/../lib/gcc/arm-none-eabi/7.3.1/../../../../arm-none-eabi/lib/thumb/v7e-m/fpv5/hard\libnosys.a
END GROUP
START GROUP
LOAD d:/app/stm32cubeide_1.5.1/stm32cubeide/plugins/com.st.stm32cube.ide.mcu.externaltools.gnu-tools-for-stm32.7-2018-q2-update.win32_1.5.0.202011040924/tools/bin/../lib/gcc/arm-none-eabi/7.3.1/thumb/v7e-m/fpv5/hard\libgcc.a
LOAD d:/app/stm32cubeide_1.5.1/stm32cubeide/plugins/com.st.stm32cube.ide.mcu.externaltools.gnu-tools-for-stm32.7-2018-q2-update.win32_1.5.0.202011040924/tools/bin/../lib/gcc/arm-none-eabi/7.3.1/../../../../arm-none-eabi/lib/thumb/v7e-m/fpv5/hard\libc_nano.a
LOAD d:/app/stm32cubeide_1.5.1/stm32cubeide/plugins/com.st.stm32cube.ide.mcu.externaltools.gnu-tools-for-stm32.7-2018-q2-update.win32_1.5.0.202011040924/tools/bin/../lib/gcc/arm-none-eabi/7.3.1/../../../../arm-none-eabi/lib/thumb/v7e-m/fpv5/hard\libnosys.a
END GROUP
LOAD d:/app/stm32cubeide_1.5.1/stm32cubeide/plugins/com.st.stm32cube.ide.mcu.externaltools.gnu-tools-for-stm32.7-2018-q2-update.win32_1.5.0.202011040924/tools/bin/../lib/gcc/arm-none-eabi/7.3.1/thumb/v7e-m/fpv5/hard/crtend.o
LOAD d:/app/stm32cubeide_1.5.1/stm32cubeide/plugins/com.st.stm32cube.ide.mcu.externaltools.gnu-tools-for-stm32.7-2018-q2-update.win32_1.5.0.202011040924/tools/bin/../lib/gcc/arm-none-eabi/7.3.1/thumb/v7e-m/fpv5/hard/crtn.o
                0x0000000024080000                _estack = (ORIGIN (RAM_D1) + LENGTH (RAM_D1))
                0x0000000000000200                _Min_Heap_Size = 0x200
                0x0000000000000400                _Min_Stack_Size = 0x400

.isr_vector     0x0000000008000000      0x298
                0x0000000008000000                . = ALIGN (0x4)
 *(.isr_vector)
 .isr_vector    0x0000000008000000      0x298 Core/Startup/startup_stm32h743zitx.o
                0x0000000008000000                g_pfnVectors
                0x0000000008000298                . = ALIGN (0x4)

.text           0x0000000008000298     0xe18c
                0x0000000008000298                . = ALIGN (0x4)
 *(.text)
 .text          0x0000000008000298       0x40 d:/app/stm32cubeide_1.5.1/stm32cubeide/plugins/com.st.stm32cube.ide.mcu.externaltools.gnu-tools-for-stm32.7-2018-q2-update.win32_1.5.0.202011040924/tools/bin/../lib/gcc/arm-none-eabi/7.3.1/thumb/v7e-m/fpv5/hard/crtbegin.o
 .text          0x00000000080002d8       0x10 d:/app/stm32cubeide_1.5.1/stm32cubeide/plugins/com.st.stm32cube.ide.mcu.externaltools.gnu-tools-for-stm32.7-2018-q2-update.win32_1.5.0.202011040924/tools/bin/../lib/gcc/arm-none-eabi/7.3.1/../../../../arm-none-eabi/lib/thumb/v7e-m/fpv5/hard\libc_nano.a(lib_a-strlen.o)
                0x00000000080002d8                strlen
 .text          0x00000000080002e8       0x30 d:/app/stm32cubeide_1.5.1/stm32cubeide/plugins/com.st.stm32cube.ide.mcu.externaltools.gnu-tools-for-stm32.7-2018-q2-update.win32_1.5.0.202011040924/tools/bin/../lib/gcc/arm-none-eabi/7.3.1/thumb/v7e-m/fpv5/hard\libgcc.a(_aeabi_uldivmod.o)
                0x00000000080002e8                __aeabi_uldivmod
 .text          0x0000000008000318      0x2cc d:/app/stm32cubeide_1.5.1/stm32cubeide/plugins/com.st.stm32cube.ide.mcu.externaltools.gnu-tools-for-stm32.7-2018-q2-update.win32_1.5.0.202011040924/tools/bin/../lib/gcc/arm-none-eabi/7.3.1/thumb/v7e-m/fpv5/hard\libgcc.a(_udivmoddi4.o)
                0x0000000008000318                __udivmoddi4
 .text          0x00000000080005e4        0x4 d:/app/stm32cubeide_1.5.1/stm32cubeide/plugins/com.st.stm32cube.ide.mcu.externaltools.gnu-tools-for-stm32.7-2018-q2-update.win32_1.5.0.202011040924/tools/bin/../lib/gcc/arm-none-eabi/7.3.1/thumb/v7e-m/fpv5/hard\libgcc.a(_dvmd_tls.o)
                0x00000000080005e4                __aeabi_idiv0
                0x00000000080005e4                __aeabi_ldiv0
 *(.text*)
 .text.lcd_write_cmd
                0x00000000080005e8       0x28 Core/Src/LCD.o
 .text.lcd_write_data
                0x0000000008000610       0x28 Core/Src/LCD.o
                0x0000000008000610                lcd_write_data
 .text.ILI9341_REG_Config
                0x0000000008000638      0x230 Core/Src/LCD.o
 .text.ILI9341_Rst
                0x0000000008000868       0x34 Core/Src/LCD.o
                0x0000000008000868                ILI9341_Rst
 .text.ILI9341_GramScan
                0x000000000800089c       0xe8 Core/Src/LCD.o
                0x000000000800089c                ILI9341_GramScan
 .text.lcd_init
                0x0000000008000984       0x2c Core/Src/LCD.o
                0x0000000008000984                lcd_init
 .text.ILI9341_OpenWindow
                0x00000000080009b0       0xb2 Core/Src/LCD.o
                0x00000000080009b0                ILI9341_OpenWindow
 .text.ILI9341_FillColor
                0x0000000008000a62       0x3a Core/Src/LCD.o
 .text.ILI9341_Clear
                0x0000000008000a9c       0x46 Core/Src/LCD.o
                0x0000000008000a9c                ILI9341_Clear
 *fill*         0x0000000008000ae2        0x2 
 .text.ILI9341_DispChar_EN
                0x0000000008000ae4       0xcc Core/Src/LCD.o
                0x0000000008000ae4                ILI9341_DispChar_EN
 .text.ILI9341_DispStringLine_EN
                0x0000000008000bb0       0x8c Core/Src/LCD.o
                0x0000000008000bb0                ILI9341_DispStringLine_EN
 .text.LCD_GetFont
                0x0000000008000c3c       0x18 Core/Src/LCD.o
                0x0000000008000c3c                LCD_GetFont
 .text.LCD_ClearLine
                0x0000000008000c54       0x38 Core/Src/LCD.o
                0x0000000008000c54                LCD_ClearLine
 .text.LCD_ImgShow_gray
                0x0000000008000c8c       0xb0 Core/Src/LCD.o
                0x0000000008000c8c                LCD_ImgShow_gray
 .text.SCB_EnableICache
                0x0000000008000d3c       0x40 Core/Src/main.o
 .text.main     0x0000000008000d7c      0x76c Core/Src/main.o
                0x0000000008000d7c                main
 .text.SystemClock_Config
                0x00000000080014e8      0x194 Core/Src/main.o
                0x00000000080014e8                SystemClock_Config
 .text.MX_DCMI_Init
                0x000000000800167c       0x68 Core/Src/main.o
 .text.MX_I2C1_Init
                0x00000000080016e4       0x80 Core/Src/main.o
 .text.MX_SPI1_Init
                0x0000000008001764       0xac Core/Src/main.o
 .text.MX_TIM2_Init
                0x0000000008001810       0x98 Core/Src/main.o
 .text.MX_UART4_Init
                0x00000000080018a8       0x98 Core/Src/main.o
 .text.MX_UART5_Init
                0x0000000008001940       0x98 Core/Src/main.o
 .text.MX_UART7_Init
                0x00000000080019d8       0x98 Core/Src/main.o
 .text.MX_USART1_UART_Init
                0x0000000008001a70       0x98 Core/Src/main.o
 .text.MX_USART2_UART_Init
                0x0000000008001b08       0x98 Core/Src/main.o
 .text.MX_USART3_UART_Init
                0x0000000008001ba0       0x98 Core/Src/main.o
 .text.MX_DMA_Init
                0x0000000008001c38       0x40 Core/Src/main.o
 .text.MX_FMC_Init
                0x0000000008001c78       0xc8 Core/Src/main.o
 .text.MX_GPIO_Init
                0x0000000008001d40      0x244 Core/Src/main.o
 .text.grey_transmit
                0x0000000008001f84       0x4c Core/Src/main.o
                0x0000000008001f84                grey_transmit
 .text.onFrameCallback
                0x0000000008001fd0       0x18 Core/Src/main.o
 .text.HAL_UART_RxCpltCallback
                0x0000000008001fe8       0xb8 Core/Src/main.o
                0x0000000008001fe8                HAL_UART_RxCpltCallback
 .text.transfer
                0x00000000080020a0      0x258 Core/Src/main.o
                0x00000000080020a0                transfer
 .text.MPU_Config
                0x00000000080022f8       0x5a Core/Src/main.o
 .text.Error_Handler
                0x0000000008002352        0xe Core/Src/main.o
                0x0000000008002352                Error_Handler
 .text.HAL_MspInit
                0x0000000008002360       0x34 Core/Src/stm32h7xx_hal_msp.o
                0x0000000008002360                HAL_MspInit
 .text.HAL_DCMI_MspInit
                0x0000000008002394      0x21c Core/Src/stm32h7xx_hal_msp.o
                0x0000000008002394                HAL_DCMI_MspInit
 .text.HAL_I2C_MspInit
                0x00000000080025b0       0x94 Core/Src/stm32h7xx_hal_msp.o
                0x00000000080025b0                HAL_I2C_MspInit
 .text.HAL_SPI_MspInit
                0x0000000008002644       0x94 Core/Src/stm32h7xx_hal_msp.o
                0x0000000008002644                HAL_SPI_MspInit
 .text.HAL_TIM_Base_MspInit
                0x00000000080026d8       0x40 Core/Src/stm32h7xx_hal_msp.o
                0x00000000080026d8                HAL_TIM_Base_MspInit
 .text.HAL_UART_MspInit
                0x0000000008002718      0x2fc Core/Src/stm32h7xx_hal_msp.o
                0x0000000008002718                HAL_UART_MspInit
 .text.HAL_FMC_MspInit
                0x0000000008002a14       0x9c Core/Src/stm32h7xx_hal_msp.o
 .text.HAL_SRAM_MspInit
                0x0000000008002ab0       0x14 Core/Src/stm32h7xx_hal_msp.o
                0x0000000008002ab0                HAL_SRAM_MspInit
 .text.NMI_Handler
                0x0000000008002ac4        0xe Core/Src/stm32h7xx_it.o
                0x0000000008002ac4                NMI_Handler
 .text.HardFault_Handler
                0x0000000008002ad2        0x6 Core/Src/stm32h7xx_it.o
                0x0000000008002ad2                HardFault_Handler
 .text.MemManage_Handler
                0x0000000008002ad8        0x6 Core/Src/stm32h7xx_it.o
                0x0000000008002ad8                MemManage_Handler
 .text.BusFault_Handler
                0x0000000008002ade        0x6 Core/Src/stm32h7xx_it.o
                0x0000000008002ade                BusFault_Handler
 .text.UsageFault_Handler
                0x0000000008002ae4        0x6 Core/Src/stm32h7xx_it.o
                0x0000000008002ae4                UsageFault_Handler
 .text.SVC_Handler
                0x0000000008002aea        0xe Core/Src/stm32h7xx_it.o
                0x0000000008002aea                SVC_Handler
 .text.DebugMon_Handler
                0x0000000008002af8        0xe Core/Src/stm32h7xx_it.o
                0x0000000008002af8                DebugMon_Handler
 .text.PendSV_Handler
                0x0000000008002b06        0xe Core/Src/stm32h7xx_it.o
                0x0000000008002b06                PendSV_Handler
 .text.SysTick_Handler
                0x0000000008002b14        0xc Core/Src/stm32h7xx_it.o
                0x0000000008002b14                SysTick_Handler
 .text.DMA1_Stream1_IRQHandler
                0x0000000008002b20       0x14 Core/Src/stm32h7xx_it.o
                0x0000000008002b20                DMA1_Stream1_IRQHandler
 .text.USART1_IRQHandler
                0x0000000008002b34       0x20 Core/Src/stm32h7xx_it.o
                0x0000000008002b34                USART1_IRQHandler
 .text.USART2_IRQHandler
                0x0000000008002b54       0x20 Core/Src/stm32h7xx_it.o
                0x0000000008002b54                USART2_IRQHandler
 .text.UART4_IRQHandler
                0x0000000008002b74       0x14 Core/Src/stm32h7xx_it.o
                0x0000000008002b74                UART4_IRQHandler
 .text.DCMI_IRQHandler
                0x0000000008002b88       0x14 Core/Src/stm32h7xx_it.o
                0x0000000008002b88                DCMI_IRQHandler
 .text.UART7_IRQHandler
                0x0000000008002b9c       0x20 Core/Src/stm32h7xx_it.o
                0x0000000008002b9c                UART7_IRQHandler
 .text._sbrk    0x0000000008002bbc       0x6c Core/Src/sysmem.o
                0x0000000008002bbc                _sbrk
 .text.SystemInit
                0x0000000008002c28      0x118 Core/Src/system_stm32h7xx.o
                0x0000000008002c28                SystemInit
 .text.Reset_Handler
                0x0000000008002d40       0x50 Core/Startup/startup_stm32h743zitx.o
                0x0000000008002d40                Reset_Handler
 .text.Default_Handler
                0x0000000008002d90        0x2 Core/Startup/startup_stm32h743zitx.o
                0x0000000008002d90                RTC_Alarm_IRQHandler
                0x0000000008002d90                EXTI2_IRQHandler
                0x0000000008002d90                TIM8_CC_IRQHandler
                0x0000000008002d90                HRTIM1_Master_IRQHandler
                0x0000000008002d90                UART8_IRQHandler
                0x0000000008002d90                SPI4_IRQHandler
                0x0000000008002d90                TIM1_CC_IRQHandler
                0x0000000008002d90                BDMA_Channel6_IRQHandler
                0x0000000008002d90                DMA2_Stream5_IRQHandler
                0x0000000008002d90                HRTIM1_FLT_IRQHandler
                0x0000000008002d90                JPEG_IRQHandler
                0x0000000008002d90                DMA1_Stream5_IRQHandler
                0x0000000008002d90                BDMA_Channel1_IRQHandler
                0x0000000008002d90                HRTIM1_TIMD_IRQHandler
                0x0000000008002d90                TAMP_STAMP_IRQHandler
                0x0000000008002d90                EXTI3_IRQHandler
                0x0000000008002d90                LPTIM4_IRQHandler
                0x0000000008002d90                TIM8_TRG_COM_TIM14_IRQHandler
                0x0000000008002d90                LPTIM2_IRQHandler
                0x0000000008002d90                DFSDM1_FLT1_IRQHandler
                0x0000000008002d90                DMAMUX2_OVR_IRQHandler
                0x0000000008002d90                TIM8_UP_TIM13_IRQHandler
                0x0000000008002d90                I2C3_ER_IRQHandler
                0x0000000008002d90                DFSDM1_FLT2_IRQHandler
                0x0000000008002d90                MDMA_IRQHandler
                0x0000000008002d90                LPTIM3_IRQHandler
                0x0000000008002d90                HSEM1_IRQHandler
                0x0000000008002d90                EXTI0_IRQHandler
                0x0000000008002d90                I2C2_EV_IRQHandler
                0x0000000008002d90                DMA1_Stream2_IRQHandler
                0x0000000008002d90                FPU_IRQHandler
                0x0000000008002d90                OTG_HS_WKUP_IRQHandler
                0x0000000008002d90                FDCAN1_IT1_IRQHandler
                0x0000000008002d90                LTDC_ER_IRQHandler
                0x0000000008002d90                DMA2_Stream2_IRQHandler
                0x0000000008002d90                HRTIM1_TIME_IRQHandler
                0x0000000008002d90                SPI1_IRQHandler
                0x0000000008002d90                TIM6_DAC_IRQHandler
                0x0000000008002d90                HRTIM1_TIMC_IRQHandler
                0x0000000008002d90                DMA2_Stream3_IRQHandler
                0x0000000008002d90                SAI2_IRQHandler
                0x0000000008002d90                DFSDM1_FLT3_IRQHandler
                0x0000000008002d90                USART6_IRQHandler
                0x0000000008002d90                TIM17_IRQHandler
                0x0000000008002d90                USART3_IRQHandler
                0x0000000008002d90                BDMA_Channel7_IRQHandler
                0x0000000008002d90                LPTIM5_IRQHandler
                0x0000000008002d90                UART5_IRQHandler
                0x0000000008002d90                ADC3_IRQHandler
                0x0000000008002d90                DMA2_Stream0_IRQHandler
                0x0000000008002d90                TIM4_IRQHandler
                0x0000000008002d90                BDMA_Channel2_IRQHandler
                0x0000000008002d90                QUADSPI_IRQHandler
                0x0000000008002d90                I2C1_EV_IRQHandler
                0x0000000008002d90                DMA1_Stream6_IRQHandler
                0x0000000008002d90                DMAMUX1_OVR_IRQHandler
                0x0000000008002d90                TIM16_IRQHandler
                0x0000000008002d90                BDMA_Channel5_IRQHandler
                0x0000000008002d90                TIM3_IRQHandler
                0x0000000008002d90                RCC_IRQHandler
                0x0000000008002d90                TIM8_BRK_TIM12_IRQHandler
                0x0000000008002d90                TIM1_TRG_COM_IRQHandler
                0x0000000008002d90                Default_Handler
                0x0000000008002d90                ECC_IRQHandler
                0x0000000008002d90                CEC_IRQHandler
                0x0000000008002d90                EXTI15_10_IRQHandler
                0x0000000008002d90                BDMA_Channel0_IRQHandler
                0x0000000008002d90                ADC_IRQHandler
                0x0000000008002d90                DMA1_Stream7_IRQHandler
                0x0000000008002d90                HRTIM1_TIMA_IRQHandler
                0x0000000008002d90                SPI5_IRQHandler
                0x0000000008002d90                TIM7_IRQHandler
                0x0000000008002d90                SDMMC1_IRQHandler
                0x0000000008002d90                TIM5_IRQHandler
                0x0000000008002d90                DMA2_Stream7_IRQHandler
                0x0000000008002d90                TIM15_IRQHandler
                0x0000000008002d90                PVD_AVD_IRQHandler
                0x0000000008002d90                I2C3_EV_IRQHandler
                0x0000000008002d90                EXTI9_5_IRQHandler
                0x0000000008002d90                RTC_WKUP_IRQHandler
                0x0000000008002d90                LTDC_IRQHandler
                0x0000000008002d90                SAI3_IRQHandler
                0x0000000008002d90                ETH_WKUP_IRQHandler
                0x0000000008002d90                SPDIF_RX_IRQHandler
                0x0000000008002d90                SPI2_IRQHandler
                0x0000000008002d90                OTG_HS_EP1_IN_IRQHandler
                0x0000000008002d90                DMA1_Stream0_IRQHandler
                0x0000000008002d90                CRS_IRQHandler
                0x0000000008002d90                EXTI4_IRQHandler
                0x0000000008002d90                RNG_IRQHandler
                0x0000000008002d90                HRTIM1_TIMB_IRQHandler
                0x0000000008002d90                FDCAN2_IT1_IRQHandler
                0x0000000008002d90                ETH_IRQHandler
                0x0000000008002d90                TIM1_UP_IRQHandler
                0x0000000008002d90                BDMA_Channel4_IRQHandler
                0x0000000008002d90                OTG_HS_EP1_OUT_IRQHandler
                0x0000000008002d90                WWDG_IRQHandler
                0x0000000008002d90                SPI6_IRQHandler
                0x0000000008002d90                MDIOS_IRQHandler
                0x0000000008002d90                I2C4_EV_IRQHandler
                0x0000000008002d90                FDCAN2_IT0_IRQHandler
                0x0000000008002d90                LPUART1_IRQHandler
                0x0000000008002d90                FDCAN1_IT0_IRQHandler
                0x0000000008002d90                TIM2_IRQHandler
                0x0000000008002d90                OTG_FS_WKUP_IRQHandler
                0x0000000008002d90                OTG_HS_IRQHandler
                0x0000000008002d90                DMA2D_IRQHandler
                0x0000000008002d90                TIM1_BRK_IRQHandler
                0x0000000008002d90                EXTI1_IRQHandler
                0x0000000008002d90                SDMMC2_IRQHandler
                0x0000000008002d90                OTG_FS_EP1_OUT_IRQHandler
                0x0000000008002d90                BDMA_Channel3_IRQHandler
                0x0000000008002d90                MDIOS_WKUP_IRQHandler
                0x0000000008002d90                DFSDM1_FLT0_IRQHandler
                0x0000000008002d90                SAI4_IRQHandler
                0x0000000008002d90                I2C2_ER_IRQHandler
                0x0000000008002d90                DMA2_Stream1_IRQHandler
                0x0000000008002d90                FLASH_IRQHandler
                0x0000000008002d90                DMA2_Stream4_IRQHandler
                0x0000000008002d90                OTG_FS_IRQHandler
                0x0000000008002d90                SPI3_IRQHandler
                0x0000000008002d90                WAKEUP_PIN_IRQHandler
                0x0000000008002d90                DMA1_Stream4_IRQHandler
                0x0000000008002d90                OTG_FS_EP1_IN_IRQHandler
                0x0000000008002d90                I2C1_ER_IRQHandler
                0x0000000008002d90                FMC_IRQHandler
                0x0000000008002d90                FDCAN_CAL_IRQHandler
                0x0000000008002d90                SWPMI1_IRQHandler
                0x0000000008002d90                COMP1_IRQHandler
                0x0000000008002d90                LPTIM1_IRQHandler
                0x0000000008002d90                I2C4_ER_IRQHandler
                0x0000000008002d90                DMA2_Stream6_IRQHandler
                0x0000000008002d90                SAI1_IRQHandler
                0x0000000008002d90                DMA1_Stream3_IRQHandler
 *fill*         0x0000000008002d92        0x2 
 .text.ov7670_init
                0x0000000008002d94       0x74 Drivers/OV7670/OV7670.o
                0x0000000008002d94                ov7670_init
 .text.ov7670_config
                0x0000000008002e08       0x78 Drivers/OV7670/OV7670.o
                0x0000000008002e08                ov7670_config
 .text.ov7670_startCap
                0x0000000008002e80       0x7c Drivers/OV7670/OV7670.o
                0x0000000008002e80                ov7670_startCap
 .text.ov7670_stopCap
                0x0000000008002efc       0x18 Drivers/OV7670/OV7670.o
                0x0000000008002efc                ov7670_stopCap
 .text.ov7670_registerCallback
                0x0000000008002f14       0x38 Drivers/OV7670/OV7670.o
                0x0000000008002f14                ov7670_registerCallback
 .text.HAL_DCMI_FrameEventCallback
                0x0000000008002f4c       0x60 Drivers/OV7670/OV7670.o
                0x0000000008002f4c                HAL_DCMI_FrameEventCallback
 .text.HAL_DCMI_VsyncEventCallback
                0x0000000008002fac       0x40 Drivers/OV7670/OV7670.o
                0x0000000008002fac                HAL_DCMI_VsyncEventCallback
 .text.ov7670_write
                0x0000000008002fec       0x40 Drivers/OV7670/OV7670.o
                0x0000000008002fec                ov7670_write
 .text.HAL_Init
                0x000000000800302c       0x78 Drivers/STM32H7xx_HAL_Driver/Src/stm32h7xx_hal.o
                0x000000000800302c                HAL_Init
 .text.HAL_InitTick
                0x00000000080030a4       0x6c Drivers/STM32H7xx_HAL_Driver/Src/stm32h7xx_hal.o
                0x00000000080030a4                HAL_InitTick
 .text.HAL_IncTick
                0x0000000008003110       0x28 Drivers/STM32H7xx_HAL_Driver/Src/stm32h7xx_hal.o
                0x0000000008003110                HAL_IncTick
 .text.HAL_GetTick
                0x0000000008003138       0x18 Drivers/STM32H7xx_HAL_Driver/Src/stm32h7xx_hal.o
                0x0000000008003138                HAL_GetTick
 .text.HAL_Delay
                0x0000000008003150       0x44 Drivers/STM32H7xx_HAL_Driver/Src/stm32h7xx_hal.o
                0x0000000008003150                HAL_Delay
 .text.HAL_GetREVID
                0x0000000008003194       0x18 Drivers/STM32H7xx_HAL_Driver/Src/stm32h7xx_hal.o
                0x0000000008003194                HAL_GetREVID
 .text.__NVIC_SetPriorityGrouping
                0x00000000080031ac       0x48 Drivers/STM32H7xx_HAL_Driver/Src/stm32h7xx_hal_cortex.o
 .text.__NVIC_GetPriorityGrouping
                0x00000000080031f4       0x1c Drivers/STM32H7xx_HAL_Driver/Src/stm32h7xx_hal_cortex.o
 .text.__NVIC_EnableIRQ
                0x0000000008003210       0x3c Drivers/STM32H7xx_HAL_Driver/Src/stm32h7xx_hal_cortex.o
 .text.__NVIC_SetPriority
                0x000000000800324c       0x54 Drivers/STM32H7xx_HAL_Driver/Src/stm32h7xx_hal_cortex.o
 .text.NVIC_EncodePriority
                0x00000000080032a0       0x66 Drivers/STM32H7xx_HAL_Driver/Src/stm32h7xx_hal_cortex.o
 *fill*         0x0000000008003306        0x2 
 .text.SysTick_Config
                0x0000000008003308       0x44 Drivers/STM32H7xx_HAL_Driver/Src/stm32h7xx_hal_cortex.o
 .text.HAL_NVIC_SetPriorityGrouping
                0x000000000800334c       0x16 Drivers/STM32H7xx_HAL_Driver/Src/stm32h7xx_hal_cortex.o
                0x000000000800334c                HAL_NVIC_SetPriorityGrouping
 .text.HAL_NVIC_SetPriority
                0x0000000008003362       0x34 Drivers/STM32H7xx_HAL_Driver/Src/stm32h7xx_hal_cortex.o
                0x0000000008003362                HAL_NVIC_SetPriority
 .text.HAL_NVIC_EnableIRQ
                0x0000000008003396       0x1c Drivers/STM32H7xx_HAL_Driver/Src/stm32h7xx_hal_cortex.o
                0x0000000008003396                HAL_NVIC_EnableIRQ
 .text.HAL_SYSTICK_Config
                0x00000000080033b2       0x18 Drivers/STM32H7xx_HAL_Driver/Src/stm32h7xx_hal_cortex.o
                0x00000000080033b2                HAL_SYSTICK_Config
 *fill*         0x00000000080033ca        0x2 
 .text.HAL_MPU_Disable
                0x00000000080033cc       0x2c Drivers/STM32H7xx_HAL_Driver/Src/stm32h7xx_hal_cortex.o
                0x00000000080033cc                HAL_MPU_Disable
 .text.HAL_MPU_Enable
                0x00000000080033f8       0x3c Drivers/STM32H7xx_HAL_Driver/Src/stm32h7xx_hal_cortex.o
                0x00000000080033f8                HAL_MPU_Enable
 .text.HAL_MPU_ConfigRegion
                0x0000000008003434       0x88 Drivers/STM32H7xx_HAL_Driver/Src/stm32h7xx_hal_cortex.o
                0x0000000008003434                HAL_MPU_ConfigRegion
 .text.HAL_DCMI_Init
                0x00000000080034bc       0xf4 Drivers/STM32H7xx_HAL_Driver/Src/stm32h7xx_hal_dcmi.o
                0x00000000080034bc                HAL_DCMI_Init
 .text.HAL_DCMI_Start_DMA
                0x00000000080035b0      0x184 Drivers/STM32H7xx_HAL_Driver/Src/stm32h7xx_hal_dcmi.o
                0x00000000080035b0                HAL_DCMI_Start_DMA
 .text.HAL_DCMI_Stop
                0x0000000008003734       0xc0 Drivers/STM32H7xx_HAL_Driver/Src/stm32h7xx_hal_dcmi.o
                0x0000000008003734                HAL_DCMI_Stop
 .text.HAL_DCMI_IRQHandler
                0x00000000080037f4      0x104 Drivers/STM32H7xx_HAL_Driver/Src/stm32h7xx_hal_dcmi.o
                0x00000000080037f4                HAL_DCMI_IRQHandler
 .text.HAL_DCMI_ErrorCallback
                0x00000000080038f8       0x14 Drivers/STM32H7xx_HAL_Driver/Src/stm32h7xx_hal_dcmi.o
                0x00000000080038f8                HAL_DCMI_ErrorCallback
 .text.HAL_DCMI_LineEventCallback
                0x000000000800390c       0x14 Drivers/STM32H7xx_HAL_Driver/Src/stm32h7xx_hal_dcmi.o
                0x000000000800390c                HAL_DCMI_LineEventCallback
 .text.DCMI_DMAXferCplt
                0x0000000008003920      0x126 Drivers/STM32H7xx_HAL_Driver/Src/stm32h7xx_hal_dcmi.o
 .text.DCMI_DMAError
                0x0000000008003a46       0x3a Drivers/STM32H7xx_HAL_Driver/Src/stm32h7xx_hal_dcmi.o
 .text.HAL_DMA_Init
                0x0000000008003a80      0x6b8 Drivers/STM32H7xx_HAL_Driver/Src/stm32h7xx_hal_dma.o
                0x0000000008003a80                HAL_DMA_Init
 .text.HAL_DMA_Start_IT
                0x0000000008004138      0x4d4 Drivers/STM32H7xx_HAL_Driver/Src/stm32h7xx_hal_dma.o
                0x0000000008004138                HAL_DMA_Start_IT
 .text.HAL_DMA_Abort
                0x000000000800460c      0x63c Drivers/STM32H7xx_HAL_Driver/Src/stm32h7xx_hal_dma.o
                0x000000000800460c                HAL_DMA_Abort
 .text.HAL_DMA_Abort_IT
                0x0000000008004c48      0x488 Drivers/STM32H7xx_HAL_Driver/Src/stm32h7xx_hal_dma.o
                0x0000000008004c48                HAL_DMA_Abort_IT
 .text.HAL_DMA_IRQHandler
                0x00000000080050d0      0xe54 Drivers/STM32H7xx_HAL_Driver/Src/stm32h7xx_hal_dma.o
                0x00000000080050d0                HAL_DMA_IRQHandler
 .text.DMA_SetConfig
                0x0000000008005f24      0x358 Drivers/STM32H7xx_HAL_Driver/Src/stm32h7xx_hal_dma.o
 .text.DMA_CalcBaseAndBitshift
                0x000000000800627c      0x164 Drivers/STM32H7xx_HAL_Driver/Src/stm32h7xx_hal_dma.o
 .text.DMA_CheckFifoParam
                0x00000000080063e0       0xf8 Drivers/STM32H7xx_HAL_Driver/Src/stm32h7xx_hal_dma.o
 .text.DMA_CalcDMAMUXChannelBaseAndMask
                0x00000000080064d8      0x134 Drivers/STM32H7xx_HAL_Driver/Src/stm32h7xx_hal_dma.o
 .text.DMA_CalcDMAMUXRequestGenBaseAndMask
                0x000000000800660c       0xe8 Drivers/STM32H7xx_HAL_Driver/Src/stm32h7xx_hal_dma.o
 .text.HAL_DMAEx_MultiBufferStart_IT
                0x00000000080066f4      0x6bc Drivers/STM32H7xx_HAL_Driver/Src/stm32h7xx_hal_dma_ex.o
                0x00000000080066f4                HAL_DMAEx_MultiBufferStart_IT
 .text.HAL_DMAEx_ChangeMemory
                0x0000000008006db0      0x138 Drivers/STM32H7xx_HAL_Driver/Src/stm32h7xx_hal_dma_ex.o
                0x0000000008006db0                HAL_DMAEx_ChangeMemory
 .text.DMA_MultiBufferSetConfig
                0x0000000008006ee8      0x16c Drivers/STM32H7xx_HAL_Driver/Src/stm32h7xx_hal_dma_ex.o
 .text.HAL_GPIO_Init
                0x0000000008007054      0x360 Drivers/STM32H7xx_HAL_Driver/Src/stm32h7xx_hal_gpio.o
                0x0000000008007054                HAL_GPIO_Init
 .text.HAL_GPIO_ReadPin
                0x00000000080073b4       0x30 Drivers/STM32H7xx_HAL_Driver/Src/stm32h7xx_hal_gpio.o
                0x00000000080073b4                HAL_GPIO_ReadPin
 .text.HAL_GPIO_WritePin
                0x00000000080073e4       0x32 Drivers/STM32H7xx_HAL_Driver/Src/stm32h7xx_hal_gpio.o
                0x00000000080073e4                HAL_GPIO_WritePin
 *fill*         0x0000000008007416        0x2 
 .text.HAL_I2C_Init
                0x0000000008007418      0x120 Drivers/STM32H7xx_HAL_Driver/Src/stm32h7xx_hal_i2c.o
                0x0000000008007418                HAL_I2C_Init
 .text.HAL_I2C_Mem_Write
                0x0000000008007538      0x228 Drivers/STM32H7xx_HAL_Driver/Src/stm32h7xx_hal_i2c.o
                0x0000000008007538                HAL_I2C_Mem_Write
 .text.I2C_RequestMemoryWrite
                0x0000000008007760       0xa8 Drivers/STM32H7xx_HAL_Driver/Src/stm32h7xx_hal_i2c.o
 .text.I2C_Flush_TXDR
                0x0000000008007808       0x48 Drivers/STM32H7xx_HAL_Driver/Src/stm32h7xx_hal_i2c.o
 .text.I2C_WaitOnFlagUntilTimeout
                0x0000000008007850       0x80 Drivers/STM32H7xx_HAL_Driver/Src/stm32h7xx_hal_i2c.o
 .text.I2C_WaitOnTXISFlagUntilTimeout
                0x00000000080078d0       0x80 Drivers/STM32H7xx_HAL_Driver/Src/stm32h7xx_hal_i2c.o
 .text.I2C_WaitOnSTOPFlagUntilTimeout
                0x0000000008007950       0x78 Drivers/STM32H7xx_HAL_Driver/Src/stm32h7xx_hal_i2c.o
 .text.I2C_IsAcknowledgeFailed
                0x00000000080079c8       0xcc Drivers/STM32H7xx_HAL_Driver/Src/stm32h7xx_hal_i2c.o
 .text.I2C_TransferConfig
                0x0000000008007a94       0x5c Drivers/STM32H7xx_HAL_Driver/Src/stm32h7xx_hal_i2c.o
 .text.HAL_I2CEx_ConfigAnalogFilter
                0x0000000008007af0       0x96 Drivers/STM32H7xx_HAL_Driver/Src/stm32h7xx_hal_i2c_ex.o
                0x0000000008007af0                HAL_I2CEx_ConfigAnalogFilter
 .text.HAL_I2CEx_ConfigDigitalFilter
                0x0000000008007b86       0x98 Drivers/STM32H7xx_HAL_Driver/Src/stm32h7xx_hal_i2c_ex.o
                0x0000000008007b86                HAL_I2CEx_ConfigDigitalFilter
 *fill*         0x0000000008007c1e        0x2 
 .text.HAL_PWREx_ConfigSupply
                0x0000000008007c20       0x74 Drivers/STM32H7xx_HAL_Driver/Src/stm32h7xx_hal_pwr_ex.o
                0x0000000008007c20                HAL_PWREx_ConfigSupply
 .text.HAL_RCC_OscConfig
                0x0000000008007c94      0x820 Drivers/STM32H7xx_HAL_Driver/Src/stm32h7xx_hal_rcc.o
                0x0000000008007c94                HAL_RCC_OscConfig
 .text.HAL_RCC_ClockConfig
                0x00000000080084b4      0x36c Drivers/STM32H7xx_HAL_Driver/Src/stm32h7xx_hal_rcc.o
                0x00000000080084b4                HAL_RCC_ClockConfig
 .text.HAL_RCC_MCOConfig
                0x0000000008008820       0xd4 Drivers/STM32H7xx_HAL_Driver/Src/stm32h7xx_hal_rcc.o
                0x0000000008008820                HAL_RCC_MCOConfig
 .text.HAL_RCC_GetSysClockFreq
                0x00000000080088f4      0x2e4 Drivers/STM32H7xx_HAL_Driver/Src/stm32h7xx_hal_rcc.o
                0x00000000080088f4                HAL_RCC_GetSysClockFreq
 .text.HAL_RCC_GetHCLKFreq
                0x0000000008008bd8       0x60 Drivers/STM32H7xx_HAL_Driver/Src/stm32h7xx_hal_rcc.o
                0x0000000008008bd8                HAL_RCC_GetHCLKFreq
 .text.HAL_RCC_GetPCLK1Freq
                0x0000000008008c38       0x2c Drivers/STM32H7xx_HAL_Driver/Src/stm32h7xx_hal_rcc.o
                0x0000000008008c38                HAL_RCC_GetPCLK1Freq
 .text.HAL_RCC_GetPCLK2Freq
                0x0000000008008c64       0x2c Drivers/STM32H7xx_HAL_Driver/Src/stm32h7xx_hal_rcc.o
                0x0000000008008c64                HAL_RCC_GetPCLK2Freq
 .text.HAL_RCCEx_PeriphCLKConfig
                0x0000000008008c90      0xddc Drivers/STM32H7xx_HAL_Driver/Src/stm32h7xx_hal_rcc_ex.o
                0x0000000008008c90                HAL_RCCEx_PeriphCLKConfig
 .text.HAL_RCCEx_GetD3PCLK1Freq
                0x0000000008009a6c       0x2c Drivers/STM32H7xx_HAL_Driver/Src/stm32h7xx_hal_rcc_ex.o
                0x0000000008009a6c                HAL_RCCEx_GetD3PCLK1Freq
 .text.HAL_RCCEx_GetPLL2ClockFreq
                0x0000000008009a98      0x298 Drivers/STM32H7xx_HAL_Driver/Src/stm32h7xx_hal_rcc_ex.o
                0x0000000008009a98                HAL_RCCEx_GetPLL2ClockFreq
 .text.HAL_RCCEx_GetPLL3ClockFreq
                0x0000000008009d30      0x298 Drivers/STM32H7xx_HAL_Driver/Src/stm32h7xx_hal_rcc_ex.o
                0x0000000008009d30                HAL_RCCEx_GetPLL3ClockFreq
 .text.RCCEx_PLL2_Config
                0x0000000008009fc8      0x164 Drivers/STM32H7xx_HAL_Driver/Src/stm32h7xx_hal_rcc_ex.o
 .text.RCCEx_PLL3_Config
                0x000000000800a12c      0x164 Drivers/STM32H7xx_HAL_Driver/Src/stm32h7xx_hal_rcc_ex.o
 .text.HAL_SPI_Init
                0x000000000800a290      0x1f0 Drivers/STM32H7xx_HAL_Driver/Src/stm32h7xx_hal_spi.o
                0x000000000800a290                HAL_SPI_Init
 .text.SPI_GetPacketSize
                0x000000000800a480       0x36 Drivers/STM32H7xx_HAL_Driver/Src/stm32h7xx_hal_spi.o
 *fill*         0x000000000800a4b6        0x2 
 .text.HAL_SRAM_Init
                0x000000000800a4b8       0xa0 Drivers/STM32H7xx_HAL_Driver/Src/stm32h7xx_hal_sram.o
                0x000000000800a4b8                HAL_SRAM_Init
 .text.HAL_TIM_Base_Init
                0x000000000800a558       0xae Drivers/STM32H7xx_HAL_Driver/Src/stm32h7xx_hal_tim.o
                0x000000000800a558                HAL_TIM_Base_Init
 *fill*         0x000000000800a606        0x2 
 .text.HAL_TIM_ConfigClockSource
                0x000000000800a608      0x1a0 Drivers/STM32H7xx_HAL_Driver/Src/stm32h7xx_hal_tim.o
                0x000000000800a608                HAL_TIM_ConfigClockSource
 .text.TIM_Base_SetConfig
                0x000000000800a7a8      0x134 Drivers/STM32H7xx_HAL_Driver/Src/stm32h7xx_hal_tim.o
                0x000000000800a7a8                TIM_Base_SetConfig
 .text.TIM_TI1_ConfigInputStage
                0x000000000800a8dc       0x5e Drivers/STM32H7xx_HAL_Driver/Src/stm32h7xx_hal_tim.o
 .text.TIM_TI2_ConfigInputStage
                0x000000000800a93a       0x60 Drivers/STM32H7xx_HAL_Driver/Src/stm32h7xx_hal_tim.o
 *fill*         0x000000000800a99a        0x2 
 .text.TIM_ITRx_SetConfig
                0x000000000800a99c       0x3c Drivers/STM32H7xx_HAL_Driver/Src/stm32h7xx_hal_tim.o
 .text.TIM_ETR_SetConfig
                0x000000000800a9d8       0x40 Drivers/STM32H7xx_HAL_Driver/Src/stm32h7xx_hal_tim.o
                0x000000000800a9d8                TIM_ETR_SetConfig
 .text.HAL_TIMEx_MasterConfigSynchronization
                0x000000000800aa18      0x110 Drivers/STM32H7xx_HAL_Driver/Src/stm32h7xx_hal_tim_ex.o
                0x000000000800aa18                HAL_TIMEx_MasterConfigSynchronization
 .text.HAL_UART_Init
                0x000000000800ab28       0xa0 Drivers/STM32H7xx_HAL_Driver/Src/stm32h7xx_hal_uart.o
                0x000000000800ab28                HAL_UART_Init
 .text.HAL_UART_Transmit
                0x000000000800abc8      0x12c Drivers/STM32H7xx_HAL_Driver/Src/stm32h7xx_hal_uart.o
                0x000000000800abc8                HAL_UART_Transmit
 .text.HAL_UART_Receive_IT
                0x000000000800acf4      0x1b0 Drivers/STM32H7xx_HAL_Driver/Src/stm32h7xx_hal_uart.o
                0x000000000800acf4                HAL_UART_Receive_IT
 .text.HAL_UART_IRQHandler
                0x000000000800aea4      0x300 Drivers/STM32H7xx_HAL_Driver/Src/stm32h7xx_hal_uart.o
                0x000000000800aea4                HAL_UART_IRQHandler
 .text.HAL_UART_TxCpltCallback
                0x000000000800b1a4       0x14 Drivers/STM32H7xx_HAL_Driver/Src/stm32h7xx_hal_uart.o
                0x000000000800b1a4                HAL_UART_TxCpltCallback
 .text.HAL_UART_ErrorCallback
                0x000000000800b1b8       0x14 Drivers/STM32H7xx_HAL_Driver/Src/stm32h7xx_hal_uart.o
                0x000000000800b1b8                HAL_UART_ErrorCallback
 .text.UART_SetConfig
                0x000000000800b1cc      0xb60 Drivers/STM32H7xx_HAL_Driver/Src/stm32h7xx_hal_uart.o
                0x000000000800b1cc                UART_SetConfig
 .text.UART_AdvFeatureConfig
                0x000000000800bd2c      0x144 Drivers/STM32H7xx_HAL_Driver/Src/stm32h7xx_hal_uart.o
                0x000000000800bd2c                UART_AdvFeatureConfig
 .text.UART_CheckIdleState
                0x000000000800be70       0x90 Drivers/STM32H7xx_HAL_Driver/Src/stm32h7xx_hal_uart.o
                0x000000000800be70                UART_CheckIdleState
 .text.UART_WaitOnFlagUntilTimeout
                0x000000000800bf00      0x100 Drivers/STM32H7xx_HAL_Driver/Src/stm32h7xx_hal_uart.o
                0x000000000800bf00                UART_WaitOnFlagUntilTimeout
 .text.UART_EndRxTransfer
                0x000000000800c000       0x48 Drivers/STM32H7xx_HAL_Driver/Src/stm32h7xx_hal_uart.o
 .text.UART_DMAAbortOnError
                0x000000000800c048       0x2c Drivers/STM32H7xx_HAL_Driver/Src/stm32h7xx_hal_uart.o
 .text.UART_EndTransmit_IT
                0x000000000800c074       0x34 Drivers/STM32H7xx_HAL_Driver/Src/stm32h7xx_hal_uart.o
 .text.UART_RxISR_8BIT
                0x000000000800c0a8       0xaa Drivers/STM32H7xx_HAL_Driver/Src/stm32h7xx_hal_uart.o
 .text.UART_RxISR_16BIT
                0x000000000800c152       0xaa Drivers/STM32H7xx_HAL_Driver/Src/stm32h7xx_hal_uart.o
 .text.UART_RxISR_8BIT_FIFOEN
                0x000000000800c1fc      0x108 Drivers/STM32H7xx_HAL_Driver/Src/stm32h7xx_hal_uart.o
 .text.UART_RxISR_16BIT_FIFOEN
                0x000000000800c304      0x108 Drivers/STM32H7xx_HAL_Driver/Src/stm32h7xx_hal_uart.o
 .text.HAL_UARTEx_WakeupCallback
                0x000000000800c40c       0x14 Drivers/STM32H7xx_HAL_Driver/Src/stm32h7xx_hal_uart_ex.o
                0x000000000800c40c                HAL_UARTEx_WakeupCallback
 .text.HAL_UARTEx_RxFifoFullCallback
                0x000000000800c420       0x14 Drivers/STM32H7xx_HAL_Driver/Src/stm32h7xx_hal_uart_ex.o
                0x000000000800c420                HAL_UARTEx_RxFifoFullCallback
 .text.HAL_UARTEx_TxFifoEmptyCallback
                0x000000000800c434       0x14 Drivers/STM32H7xx_HAL_Driver/Src/stm32h7xx_hal_uart_ex.o
                0x000000000800c434                HAL_UARTEx_TxFifoEmptyCallback
 .text.HAL_UARTEx_DisableFifoMode
                0x000000000800c448       0x72 Drivers/STM32H7xx_HAL_Driver/Src/stm32h7xx_hal_uart_ex.o
                0x000000000800c448                HAL_UARTEx_DisableFifoMode
 .text.HAL_UARTEx_SetTxFifoThreshold
                0x000000000800c4ba       0x7c Drivers/STM32H7xx_HAL_Driver/Src/stm32h7xx_hal_uart_ex.o
                0x000000000800c4ba                HAL_UARTEx_SetTxFifoThreshold
 .text.HAL_UARTEx_SetRxFifoThreshold
                0x000000000800c536       0x7c Drivers/STM32H7xx_HAL_Driver/Src/stm32h7xx_hal_uart_ex.o
                0x000000000800c536                HAL_UARTEx_SetRxFifoThreshold
 *fill*         0x000000000800c5b2        0x2 
 .text.UARTEx_SetNbDataToProcess
                0x000000000800c5b4       0xd0 Drivers/STM32H7xx_HAL_Driver/Src/stm32h7xx_hal_uart_ex.o
 .text.FMC_NORSRAM_Init
                0x000000000800c684      0x120 Drivers/STM32H7xx_HAL_Driver/Src/stm32h7xx_ll_fmc.o
                0x000000000800c684                FMC_NORSRAM_Init
 .text.FMC_NORSRAM_Timing_Init
                0x000000000800c7a4       0xa0 Drivers/STM32H7xx_HAL_Driver/Src/stm32h7xx_ll_fmc.o
                0x000000000800c7a4                FMC_NORSRAM_Timing_Init
 .text.FMC_NORSRAM_Extended_Timing_Init
                0x000000000800c844       0x70 Drivers/STM32H7xx_HAL_Driver/Src/stm32h7xx_ll_fmc.o
                0x000000000800c844                FMC_NORSRAM_Extended_Timing_Init
 .text.__errno  0x000000000800c8b4        0xc d:/app/stm32cubeide_1.5.1/stm32cubeide/plugins/com.st.stm32cube.ide.mcu.externaltools.gnu-tools-for-stm32.7-2018-q2-update.win32_1.5.0.202011040924/tools/bin/../lib/gcc/arm-none-eabi/7.3.1/../../../../arm-none-eabi/lib/thumb/v7e-m/fpv5/hard\libc_nano.a(lib_a-errno.o)
                0x000000000800c8b4                __errno
 .text.__libc_init_array
                0x000000000800c8c0       0x48 d:/app/stm32cubeide_1.5.1/stm32cubeide/plugins/com.st.stm32cube.ide.mcu.externaltools.gnu-tools-for-stm32.7-2018-q2-update.win32_1.5.0.202011040924/tools/bin/../lib/gcc/arm-none-eabi/7.3.1/../../../../arm-none-eabi/lib/thumb/v7e-m/fpv5/hard\libc_nano.a(lib_a-init.o)
                0x000000000800c8c0                __libc_init_array
 .text.__itoa   0x000000000800c908       0x30 d:/app/stm32cubeide_1.5.1/stm32cubeide/plugins/com.st.stm32cube.ide.mcu.externaltools.gnu-tools-for-stm32.7-2018-q2-update.win32_1.5.0.202011040924/tools/bin/../lib/gcc/arm-none-eabi/7.3.1/../../../../arm-none-eabi/lib/thumb/v7e-m/fpv5/hard\libc_nano.a(lib_a-itoa.o)
                0x000000000800c908                __itoa
 .text.itoa     0x000000000800c938        0x4 d:/app/stm32cubeide_1.5.1/stm32cubeide/plugins/com.st.stm32cube.ide.mcu.externaltools.gnu-tools-for-stm32.7-2018-q2-update.win32_1.5.0.202011040924/tools/bin/../lib/gcc/arm-none-eabi/7.3.1/../../../../arm-none-eabi/lib/thumb/v7e-m/fpv5/hard\libc_nano.a(lib_a-itoa.o)
                0x000000000800c938                itoa
 .text.malloc   0x000000000800c93c       0x10 d:/app/stm32cubeide_1.5.1/stm32cubeide/plugins/com.st.stm32cube.ide.mcu.externaltools.gnu-tools-for-stm32.7-2018-q2-update.win32_1.5.0.202011040924/tools/bin/../lib/gcc/arm-none-eabi/7.3.1/../../../../arm-none-eabi/lib/thumb/v7e-m/fpv5/hard\libc_nano.a(lib_a-malloc.o)
                0x000000000800c93c                malloc
 .text.free     0x000000000800c94c       0x10 d:/app/stm32cubeide_1.5.1/stm32cubeide/plugins/com.st.stm32cube.ide.mcu.externaltools.gnu-tools-for-stm32.7-2018-q2-update.win32_1.5.0.202011040924/tools/bin/../lib/gcc/arm-none-eabi/7.3.1/../../../../arm-none-eabi/lib/thumb/v7e-m/fpv5/hard\libc_nano.a(lib_a-malloc.o)
                0x000000000800c94c                free
 .text.memcpy   0x000000000800c95c       0x16 d:/app/stm32cubeide_1.5.1/stm32cubeide/plugins/com.st.stm32cube.ide.mcu.externaltools.gnu-tools-for-stm32.7-2018-q2-update.win32_1.5.0.202011040924/tools/bin/../lib/gcc/arm-none-eabi/7.3.1/../../../../arm-none-eabi/lib/thumb/v7e-m/fpv5/hard\libc_nano.a(lib_a-memcpy-stub.o)
                0x000000000800c95c                memcpy
 .text.memset   0x000000000800c972       0x10 d:/app/stm32cubeide_1.5.1/stm32cubeide/plugins/com.st.stm32cube.ide.mcu.externaltools.gnu-tools-for-stm32.7-2018-q2-update.win32_1.5.0.202011040924/tools/bin/../lib/gcc/arm-none-eabi/7.3.1/../../../../arm-none-eabi/lib/thumb/v7e-m/fpv5/hard\libc_nano.a(lib_a-memset.o)
                0x000000000800c972                memset
 *fill*         0x000000000800c982        0x2 
 .text._free_r  0x000000000800c984       0x9c d:/app/stm32cubeide_1.5.1/stm32cubeide/plugins/com.st.stm32cube.ide.mcu.externaltools.gnu-tools-for-stm32.7-2018-q2-update.win32_1.5.0.202011040924/tools/bin/../lib/gcc/arm-none-eabi/7.3.1/../../../../arm-none-eabi/lib/thumb/v7e-m/fpv5/hard\libc_nano.a(lib_a-nano-freer.o)
                0x000000000800c984                _free_r
 .text._malloc_r
                0x000000000800ca20       0xb4 d:/app/stm32cubeide_1.5.1/stm32cubeide/plugins/com.st.stm32cube.ide.mcu.externaltools.gnu-tools-for-stm32.7-2018-q2-update.win32_1.5.0.202011040924/tools/bin/../lib/gcc/arm-none-eabi/7.3.1/../../../../arm-none-eabi/lib/thumb/v7e-m/fpv5/hard\libc_nano.a(lib_a-nano-mallocr.o)
                0x000000000800ca20                _malloc_r
 .text.__cvt    0x000000000800cad4       0xa4 d:/app/stm32cubeide_1.5.1/stm32cubeide/plugins/com.st.stm32cube.ide.mcu.externaltools.gnu-tools-for-stm32.7-2018-q2-update.win32_1.5.0.202011040924/tools/bin/../lib/gcc/arm-none-eabi/7.3.1/../../../../arm-none-eabi/lib/thumb/v7e-m/fpv5/hard\libc_nano.a(lib_a-nano-vfprintf_float.o)
                0x000000000800cad4                __cvt
 .text.__exponent
                0x000000000800cb78       0x66 d:/app/stm32cubeide_1.5.1/stm32cubeide/plugins/com.st.stm32cube.ide.mcu.externaltools.gnu-tools-for-stm32.7-2018-q2-update.win32_1.5.0.202011040924/tools/bin/../lib/gcc/arm-none-eabi/7.3.1/../../../../arm-none-eabi/lib/thumb/v7e-m/fpv5/hard\libc_nano.a(lib_a-nano-vfprintf_float.o)
                0x000000000800cb78                __exponent
 *fill*         0x000000000800cbde        0x2 
 .text._printf_float
                0x000000000800cbe0      0x458 d:/app/stm32cubeide_1.5.1/stm32cubeide/plugins/com.st.stm32cube.ide.mcu.externaltools.gnu-tools-for-stm32.7-2018-q2-update.win32_1.5.0.202011040924/tools/bin/../lib/gcc/arm-none-eabi/7.3.1/../../../../arm-none-eabi/lib/thumb/v7e-m/fpv5/hard\libc_nano.a(lib_a-nano-vfprintf_float.o)
                0x000000000800cbe0                _printf_float
 .text._printf_common
                0x000000000800d038       0xea d:/app/stm32cubeide_1.5.1/stm32cubeide/plugins/com.st.stm32cube.ide.mcu.externaltools.gnu-tools-for-stm32.7-2018-q2-update.win32_1.5.0.202011040924/tools/bin/../lib/gcc/arm-none-eabi/7.3.1/../../../../arm-none-eabi/lib/thumb/v7e-m/fpv5/hard\libc_nano.a(lib_a-nano-vfprintf_i.o)
                0x000000000800d038                _printf_common
 *fill*         0x000000000800d122        0x2 
 .text._sbrk_r  0x000000000800d124       0x20 d:/app/stm32cubeide_1.5.1/stm32cubeide/plugins/com.st.stm32cube.ide.mcu.externaltools.gnu-tools-for-stm32.7-2018-q2-update.win32_1.5.0.202011040924/tools/bin/../lib/gcc/arm-none-eabi/7.3.1/../../../../arm-none-eabi/lib/thumb/v7e-m/fpv5/hard\libc_nano.a(lib_a-sbrkr.o)
                0x000000000800d124                _sbrk_r
 .text.strcat   0x000000000800d144       0x1e d:/app/stm32cubeide_1.5.1/stm32cubeide/plugins/com.st.stm32cube.ide.mcu.externaltools.gnu-tools-for-stm32.7-2018-q2-update.win32_1.5.0.202011040924/tools/bin/../lib/gcc/arm-none-eabi/7.3.1/../../../../arm-none-eabi/lib/thumb/v7e-m/fpv5/hard\libc_nano.a(lib_a-strcat.o)
                0x000000000800d144                strcat
 .text.strcpy   0x000000000800d162       0x10 d:/app/stm32cubeide_1.5.1/stm32cubeide/plugins/com.st.stm32cube.ide.mcu.externaltools.gnu-tools-for-stm32.7-2018-q2-update.win32_1.5.0.202011040924/tools/bin/../lib/gcc/arm-none-eabi/7.3.1/../../../../arm-none-eabi/lib/thumb/v7e-m/fpv5/hard\libc_nano.a(lib_a-strcpy.o)
                0x000000000800d162                strcpy
 .text.strstr   0x000000000800d172       0x34 d:/app/stm32cubeide_1.5.1/stm32cubeide/plugins/com.st.stm32cube.ide.mcu.externaltools.gnu-tools-for-stm32.7-2018-q2-update.win32_1.5.0.202011040924/tools/bin/../lib/gcc/arm-none-eabi/7.3.1/../../../../arm-none-eabi/lib/thumb/v7e-m/fpv5/hard\libc_nano.a(lib_a-strstr.o)
                0x000000000800d172                strstr
 *fill*         0x000000000800d1a6        0x2 
 .text.__utoa   0x000000000800d1a8       0x7c d:/app/stm32cubeide_1.5.1/stm32cubeide/plugins/com.st.stm32cube.ide.mcu.externaltools.gnu-tools-for-stm32.7-2018-q2-update.win32_1.5.0.202011040924/tools/bin/../lib/gcc/arm-none-eabi/7.3.1/../../../../arm-none-eabi/lib/thumb/v7e-m/fpv5/hard\libc_nano.a(lib_a-utoa.o)
                0x000000000800d1a8                __utoa
 .text.quorem   0x000000000800d224      0x118 d:/app/stm32cubeide_1.5.1/stm32cubeide/plugins/com.st.stm32cube.ide.mcu.externaltools.gnu-tools-for-stm32.7-2018-q2-update.win32_1.5.0.202011040924/tools/bin/../lib/gcc/arm-none-eabi/7.3.1/../../../../arm-none-eabi/lib/thumb/v7e-m/fpv5/hard\libc_nano.a(lib_a-dtoa.o)
 *fill*         0x000000000800d33c        0x4 
 .text._dtoa_r  0x000000000800d340      0xa98 d:/app/stm32cubeide_1.5.1/stm32cubeide/plugins/com.st.stm32cube.ide.mcu.externaltools.gnu-tools-for-stm32.7-2018-q2-update.win32_1.5.0.202011040924/tools/bin/../lib/gcc/arm-none-eabi/7.3.1/../../../../arm-none-eabi/lib/thumb/v7e-m/fpv5/hard\libc_nano.a(lib_a-dtoa.o)
                0x000000000800d340                _dtoa_r
 .text._localeconv_r
                0x000000000800ddd8       0x1c d:/app/stm32cubeide_1.5.1/stm32cubeide/plugins/com.st.stm32cube.ide.mcu.externaltools.gnu-tools-for-stm32.7-2018-q2-update.win32_1.5.0.202011040924/tools/bin/../lib/gcc/arm-none-eabi/7.3.1/../../../../arm-none-eabi/lib/thumb/v7e-m/fpv5/hard\libc_nano.a(lib_a-localeconv.o)
                0x000000000800ddd8                _localeconv_r
 .text.__malloc_lock
                0x000000000800ddf4        0x2 d:/app/stm32cubeide_1.5.1/stm32cubeide/plugins/com.st.stm32cube.ide.mcu.externaltools.gnu-tools-for-stm32.7-2018-q2-update.win32_1.5.0.202011040924/tools/bin/../lib/gcc/arm-none-eabi/7.3.1/../../../../arm-none-eabi/lib/thumb/v7e-m/fpv5/hard\libc_nano.a(lib_a-mlock.o)
                0x000000000800ddf4                __malloc_lock
 .text.__malloc_unlock
                0x000000000800ddf6        0x2 d:/app/stm32cubeide_1.5.1/stm32cubeide/plugins/com.st.stm32cube.ide.mcu.externaltools.gnu-tools-for-stm32.7-2018-q2-update.win32_1.5.0.202011040924/tools/bin/../lib/gcc/arm-none-eabi/7.3.1/../../../../arm-none-eabi/lib/thumb/v7e-m/fpv5/hard\libc_nano.a(lib_a-mlock.o)
                0x000000000800ddf6                __malloc_unlock
 .text._Balloc  0x000000000800ddf8       0x68 d:/app/stm32cubeide_1.5.1/stm32cubeide/plugins/com.st.stm32cube.ide.mcu.externaltools.gnu-tools-for-stm32.7-2018-q2-update.win32_1.5.0.202011040924/tools/bin/../lib/gcc/arm-none-eabi/7.3.1/../../../../arm-none-eabi/lib/thumb/v7e-m/fpv5/hard\libc_nano.a(lib_a-mprec.o)
                0x000000000800ddf8                _Balloc
 .text._Bfree   0x000000000800de60       0x2e d:/app/stm32cubeide_1.5.1/stm32cubeide/plugins/com.st.stm32cube.ide.mcu.externaltools.gnu-tools-for-stm32.7-2018-q2-update.win32_1.5.0.202011040924/tools/bin/../lib/gcc/arm-none-eabi/7.3.1/../../../../arm-none-eabi/lib/thumb/v7e-m/fpv5/hard\libc_nano.a(lib_a-mprec.o)
                0x000000000800de60                _Bfree
 .text.__multadd
                0x000000000800de8e       0x76 d:/app/stm32cubeide_1.5.1/stm32cubeide/plugins/com.st.stm32cube.ide.mcu.externaltools.gnu-tools-for-stm32.7-2018-q2-update.win32_1.5.0.202011040924/tools/bin/../lib/gcc/arm-none-eabi/7.3.1/../../../../arm-none-eabi/lib/thumb/v7e-m/fpv5/hard\libc_nano.a(lib_a-mprec.o)
                0x000000000800de8e                __multadd
 .text.__hi0bits
                0x000000000800df04       0x3e d:/app/stm32cubeide_1.5.1/stm32cubeide/plugins/com.st.stm32cube.ide.mcu.externaltools.gnu-tools-for-stm32.7-2018-q2-update.win32_1.5.0.202011040924/tools/bin/../lib/gcc/arm-none-eabi/7.3.1/../../../../arm-none-eabi/lib/thumb/v7e-m/fpv5/hard\libc_nano.a(lib_a-mprec.o)
                0x000000000800df04                __hi0bits
 .text.__lo0bits
                0x000000000800df42       0x5e d:/app/stm32cubeide_1.5.1/stm32cubeide/plugins/com.st.stm32cube.ide.mcu.externaltools.gnu-tools-for-stm32.7-2018-q2-update.win32_1.5.0.202011040924/tools/bin/../lib/gcc/arm-none-eabi/7.3.1/../../../../arm-none-eabi/lib/thumb/v7e-m/fpv5/hard\libc_nano.a(lib_a-mprec.o)
                0x000000000800df42                __lo0bits
 .text.__i2b    0x000000000800dfa0       0x12 d:/app/stm32cubeide_1.5.1/stm32cubeide/plugins/com.st.stm32cube.ide.mcu.externaltools.gnu-tools-for-stm32.7-2018-q2-update.win32_1.5.0.202011040924/tools/bin/../lib/gcc/arm-none-eabi/7.3.1/../../../../arm-none-eabi/lib/thumb/v7e-m/fpv5/hard\libc_nano.a(lib_a-mprec.o)
                0x000000000800dfa0                __i2b
 .text.__multiply
                0x000000000800dfb2      0x12c d:/app/stm32cubeide_1.5.1/stm32cubeide/plugins/com.st.stm32cube.ide.mcu.externaltools.gnu-tools-for-stm32.7-2018-q2-update.win32_1.5.0.202011040924/tools/bin/../lib/gcc/arm-none-eabi/7.3.1/../../../../arm-none-eabi/lib/thumb/v7e-m/fpv5/hard\libc_nano.a(lib_a-mprec.o)
                0x000000000800dfb2                __multiply
 *fill*         0x000000000800e0de        0x2 
 .text.__pow5mult
                0x000000000800e0e0       0x9c d:/app/stm32cubeide_1.5.1/stm32cubeide/plugins/com.st.stm32cube.ide.mcu.externaltools.gnu-tools-for-stm32.7-2018-q2-update.win32_1.5.0.202011040924/tools/bin/../lib/gcc/arm-none-eabi/7.3.1/../../../../arm-none-eabi/lib/thumb/v7e-m/fpv5/hard\libc_nano.a(lib_a-mprec.o)
                0x000000000800e0e0                __pow5mult
 .text.__lshift
                0x000000000800e17c       0xa8 d:/app/stm32cubeide_1.5.1/stm32cubeide/plugins/com.st.stm32cube.ide.mcu.externaltools.gnu-tools-for-stm32.7-2018-q2-update.win32_1.5.0.202011040924/tools/bin/../lib/gcc/arm-none-eabi/7.3.1/../../../../arm-none-eabi/lib/thumb/v7e-m/fpv5/hard\libc_nano.a(lib_a-mprec.o)
                0x000000000800e17c                __lshift
 .text.__mcmp   0x000000000800e224       0x34 d:/app/stm32cubeide_1.5.1/stm32cubeide/plugins/com.st.stm32cube.ide.mcu.externaltools.gnu-tools-for-stm32.7-2018-q2-update.win32_1.5.0.202011040924/tools/bin/../lib/gcc/arm-none-eabi/7.3.1/../../../../arm-none-eabi/lib/thumb/v7e-m/fpv5/hard\libc_nano.a(lib_a-mprec.o)
                0x000000000800e224                __mcmp
 .text.__mdiff  0x000000000800e258       0xba d:/app/stm32cubeide_1.5.1/stm32cubeide/plugins/com.st.stm32cube.ide.mcu.externaltools.gnu-tools-for-stm32.7-2018-q2-update.win32_1.5.0.202011040924/tools/bin/../lib/gcc/arm-none-eabi/7.3.1/../../../../arm-none-eabi/lib/thumb/v7e-m/fpv5/hard\libc_nano.a(lib_a-mprec.o)
                0x000000000800e258                __mdiff
 .text.__d2b    0x000000000800e312       0x9e d:/app/stm32cubeide_1.5.1/stm32cubeide/plugins/com.st.stm32cube.ide.mcu.externaltools.gnu-tools-for-stm32.7-2018-q2-update.win32_1.5.0.202011040924/tools/bin/../lib/gcc/arm-none-eabi/7.3.1/../../../../arm-none-eabi/lib/thumb/v7e-m/fpv5/hard\libc_nano.a(lib_a-mprec.o)
                0x000000000800e312                __d2b
 .text._calloc_r
                0x000000000800e3b0       0x1c d:/app/stm32cubeide_1.5.1/stm32cubeide/plugins/com.st.stm32cube.ide.mcu.externaltools.gnu-tools-for-stm32.7-2018-q2-update.win32_1.5.0.202011040924/tools/bin/../lib/gcc/arm-none-eabi/7.3.1/../../../../arm-none-eabi/lib/thumb/v7e-m/fpv5/hard\libc_nano.a(lib_a-nano-callocr.o)
                0x000000000800e3b0                _calloc_r
 .text.__ascii_mbtowc
                0x000000000800e3cc       0x24 d:/app/stm32cubeide_1.5.1/stm32cubeide/plugins/com.st.stm32cube.ide.mcu.externaltools.gnu-tools-for-stm32.7-2018-q2-update.win32_1.5.0.202011040924/tools/bin/../lib/gcc/arm-none-eabi/7.3.1/../../../../arm-none-eabi/lib/thumb/v7e-m/fpv5/hard\libc_nano.a(lib_a-mbtowc_r.o)
                0x000000000800e3cc                __ascii_mbtowc
 .text.__ascii_wctomb
                0x000000000800e3f0       0x1a d:/app/stm32cubeide_1.5.1/stm32cubeide/plugins/com.st.stm32cube.ide.mcu.externaltools.gnu-tools-for-stm32.7-2018-q2-update.win32_1.5.0.202011040924/tools/bin/../lib/gcc/arm-none-eabi/7.3.1/../../../../arm-none-eabi/lib/thumb/v7e-m/fpv5/hard\libc_nano.a(lib_a-wctomb_r.o)
                0x000000000800e3f0                __ascii_wctomb
 *(.glue_7)
 .glue_7        0x000000000800e40a        0x0 linker stubs
 *(.glue_7t)
 .glue_7t       0x000000000800e40a        0x0 linker stubs
 *(.eh_frame)
 *fill*         0x000000000800e40a        0x2 
 .eh_frame      0x000000000800e40c        0x0 d:/app/stm32cubeide_1.5.1/stm32cubeide/plugins/com.st.stm32cube.ide.mcu.externaltools.gnu-tools-for-stm32.7-2018-q2-update.win32_1.5.0.202011040924/tools/bin/../lib/gcc/arm-none-eabi/7.3.1/thumb/v7e-m/fpv5/hard/crtbegin.o
 *(.init)
 .init          0x000000000800e40c        0x4 d:/app/stm32cubeide_1.5.1/stm32cubeide/plugins/com.st.stm32cube.ide.mcu.externaltools.gnu-tools-for-stm32.7-2018-q2-update.win32_1.5.0.202011040924/tools/bin/../lib/gcc/arm-none-eabi/7.3.1/thumb/v7e-m/fpv5/hard/crti.o
                0x000000000800e40c                _init
 .init          0x000000000800e410        0x8 d:/app/stm32cubeide_1.5.1/stm32cubeide/plugins/com.st.stm32cube.ide.mcu.externaltools.gnu-tools-for-stm32.7-2018-q2-update.win32_1.5.0.202011040924/tools/bin/../lib/gcc/arm-none-eabi/7.3.1/thumb/v7e-m/fpv5/hard/crtn.o
 *(.fini)
 .fini          0x000000000800e418        0x4 d:/app/stm32cubeide_1.5.1/stm32cubeide/plugins/com.st.stm32cube.ide.mcu.externaltools.gnu-tools-for-stm32.7-2018-q2-update.win32_1.5.0.202011040924/tools/bin/../lib/gcc/arm-none-eabi/7.3.1/thumb/v7e-m/fpv5/hard/crti.o
                0x000000000800e418                _fini
 .fini          0x000000000800e41c        0x8 d:/app/stm32cubeide_1.5.1/stm32cubeide/plugins/com.st.stm32cube.ide.mcu.externaltools.gnu-tools-for-stm32.7-2018-q2-update.win32_1.5.0.202011040924/tools/bin/../lib/gcc/arm-none-eabi/7.3.1/thumb/v7e-m/fpv5/hard/crtn.o
                0x000000000800e424                . = ALIGN (0x4)
                0x000000000800e424                _etext = .

.vfp11_veneer   0x000000000800e424        0x0
 .vfp11_veneer  0x000000000800e424        0x0 linker stubs

.v4_bx          0x000000000800e424        0x0
 .v4_bx         0x000000000800e424        0x0 linker stubs

.iplt           0x000000000800e424        0x0
 .iplt          0x000000000800e424        0x0 d:/app/stm32cubeide_1.5.1/stm32cubeide/plugins/com.st.stm32cube.ide.mcu.externaltools.gnu-tools-for-stm32.7-2018-q2-update.win32_1.5.0.202011040924/tools/bin/../lib/gcc/arm-none-eabi/7.3.1/thumb/v7e-m/fpv5/hard/crtbegin.o

.rodata         0x000000000800e428      0xa08
                0x000000000800e428                . = ALIGN (0x4)
 *(.rodata)
 .rodata        0x000000000800e428      0x130 Core/Src/main.o
 .rodata        0x000000000800e558       0x10 Drivers/STM32H7xx_HAL_Driver/Src/stm32h7xx_hal_uart_ex.o
 *(.rodata*)
 .rodata.ASCII8x16_Table
                0x000000000800e568      0x5f0 Core/Src/fonts.o
                0x000000000800e568                ASCII8x16_Table
 .rodata.D1CorePrescTable
                0x000000000800eb58       0x10 Core/Src/system_stm32h7xx.o
                0x000000000800eb58                D1CorePrescTable
 .rodata.OV7670_reg
                0x000000000800eb68       0x5a Drivers/OV7670/OV7670.o
                0x000000000800eb68                OV7670_reg
 *fill*         0x000000000800ebc2        0x2 
 .rodata.flagBitshiftOffset.11185
                0x000000000800ebc4        0x8 Drivers/STM32H7xx_HAL_Driver/Src/stm32h7xx_hal_dma.o
 .rodata.UARTPrescTable
                0x000000000800ebcc       0x18 Drivers/STM32H7xx_HAL_Driver/Src/stm32h7xx_hal_uart.o
                0x000000000800ebcc                UARTPrescTable
 .rodata._printf_float.str1.1
                0x000000000800ebe4       0x12 d:/app/stm32cubeide_1.5.1/stm32cubeide/plugins/com.st.stm32cube.ide.mcu.externaltools.gnu-tools-for-stm32.7-2018-q2-update.win32_1.5.0.202011040924/tools/bin/../lib/gcc/arm-none-eabi/7.3.1/../../../../arm-none-eabi/lib/thumb/v7e-m/fpv5/hard\libc_nano.a(lib_a-nano-vfprintf_float.o)
 .rodata.__utoa.str1.1
                0x000000000800ebf6       0x25 d:/app/stm32cubeide_1.5.1/stm32cubeide/plugins/com.st.stm32cube.ide.mcu.externaltools.gnu-tools-for-stm32.7-2018-q2-update.win32_1.5.0.202011040924/tools/bin/../lib/gcc/arm-none-eabi/7.3.1/../../../../arm-none-eabi/lib/thumb/v7e-m/fpv5/hard\libc_nano.a(lib_a-utoa.o)
 .rodata._dtoa_r.str1.1
                0x000000000800ec1b        0xd d:/app/stm32cubeide_1.5.1/stm32cubeide/plugins/com.st.stm32cube.ide.mcu.externaltools.gnu-tools-for-stm32.7-2018-q2-update.win32_1.5.0.202011040924/tools/bin/../lib/gcc/arm-none-eabi/7.3.1/../../../../arm-none-eabi/lib/thumb/v7e-m/fpv5/hard\libc_nano.a(lib_a-dtoa.o)
                                          0xf (size before relaxing)
 .rodata.__mprec_bigtens
                0x000000000800ec28       0x28 d:/app/stm32cubeide_1.5.1/stm32cubeide/plugins/com.st.stm32cube.ide.mcu.externaltools.gnu-tools-for-stm32.7-2018-q2-update.win32_1.5.0.202011040924/tools/bin/../lib/gcc/arm-none-eabi/7.3.1/../../../../arm-none-eabi/lib/thumb/v7e-m/fpv5/hard\libc_nano.a(lib_a-mprec.o)
                0x000000000800ec28                __mprec_bigtens
 .rodata.__mprec_tens
                0x000000000800ec50       0xc8 d:/app/stm32cubeide_1.5.1/stm32cubeide/plugins/com.st.stm32cube.ide.mcu.externaltools.gnu-tools-for-stm32.7-2018-q2-update.win32_1.5.0.202011040924/tools/bin/../lib/gcc/arm-none-eabi/7.3.1/../../../../arm-none-eabi/lib/thumb/v7e-m/fpv5/hard\libc_nano.a(lib_a-mprec.o)
                0x000000000800ec50                __mprec_tens
 .rodata.p05.7359
                0x000000000800ed18        0xc d:/app/stm32cubeide_1.5.1/stm32cubeide/plugins/com.st.stm32cube.ide.mcu.externaltools.gnu-tools-for-stm32.7-2018-q2-update.win32_1.5.0.202011040924/tools/bin/../lib/gcc/arm-none-eabi/7.3.1/../../../../arm-none-eabi/lib/thumb/v7e-m/fpv5/hard\libc_nano.a(lib_a-mprec.o)
 .rodata._setlocale_r.str1.1
                0x000000000800ed24        0x8 d:/app/stm32cubeide_1.5.1/stm32cubeide/plugins/com.st.stm32cube.ide.mcu.externaltools.gnu-tools-for-stm32.7-2018-q2-update.win32_1.5.0.202011040924/tools/bin/../lib/gcc/arm-none-eabi/7.3.1/../../../../arm-none-eabi/lib/thumb/v7e-m/fpv5/hard\libc_nano.a(lib_a-locale.o)
                                          0x9 (size before relaxing)
 .rodata.str1.1
                0x000000000800ed2c        0x2 d:/app/stm32cubeide_1.5.1/stm32cubeide/plugins/com.st.stm32cube.ide.mcu.externaltools.gnu-tools-for-stm32.7-2018-q2-update.win32_1.5.0.202011040924/tools/bin/../lib/gcc/arm-none-eabi/7.3.1/../../../../arm-none-eabi/lib/thumb/v7e-m/fpv5/hard\libc_nano.a(lib_a-locale.o)
 .rodata._ctype_
                0x000000000800ed2e      0x101 d:/app/stm32cubeide_1.5.1/stm32cubeide/plugins/com.st.stm32cube.ide.mcu.externaltools.gnu-tools-for-stm32.7-2018-q2-update.win32_1.5.0.202011040924/tools/bin/../lib/gcc/arm-none-eabi/7.3.1/../../../../arm-none-eabi/lib/thumb/v7e-m/fpv5/hard\libc_nano.a(lib_a-ctype_.o)
                0x000000000800ed2e                _ctype_
                0x000000000800ee30                . = ALIGN (0x4)
 *fill*         0x000000000800ee2f        0x1 

.ARM.extab      0x000000000800ee30        0x0
                0x000000000800ee30                . = ALIGN (0x4)
 *(.ARM.extab* .gnu.linkonce.armextab.*)
                0x000000000800ee30                . = ALIGN (0x4)

.ARM            0x000000000800ee30        0x8
                0x000000000800ee30                . = ALIGN (0x4)
                0x000000000800ee30                __exidx_start = .
 *(.ARM.exidx*)
 .ARM.exidx     0x000000000800ee30        0x8 d:/app/stm32cubeide_1.5.1/stm32cubeide/plugins/com.st.stm32cube.ide.mcu.externaltools.gnu-tools-for-stm32.7-2018-q2-update.win32_1.5.0.202011040924/tools/bin/../lib/gcc/arm-none-eabi/7.3.1/thumb/v7e-m/fpv5/hard\libgcc.a(_udivmoddi4.o)
                0x000000000800ee38                __exidx_end = .
                0x000000000800ee38                . = ALIGN (0x4)

.rel.dyn        0x000000000800ee38        0x0
 .rel.iplt      0x000000000800ee38        0x0 d:/app/stm32cubeide_1.5.1/stm32cubeide/plugins/com.st.stm32cube.ide.mcu.externaltools.gnu-tools-for-stm32.7-2018-q2-update.win32_1.5.0.202011040924/tools/bin/../lib/gcc/arm-none-eabi/7.3.1/thumb/v7e-m/fpv5/hard/crtbegin.o

.preinit_array  0x000000000800ee38        0x0
                0x000000000800ee38                . = ALIGN (0x4)
                0x000000000800ee38                PROVIDE (__preinit_array_start = .)
 *(.preinit_array*)
                0x000000000800ee38                PROVIDE (__preinit_array_end = .)
                0x000000000800ee38                . = ALIGN (0x4)

.init_array     0x000000000800ee38        0x4
                0x000000000800ee38                . = ALIGN (0x4)
                0x000000000800ee38                PROVIDE (__init_array_start = .)
 *(SORT_BY_NAME(.init_array.*))
 *(.init_array*)
 .init_array    0x000000000800ee38        0x4 d:/app/stm32cubeide_1.5.1/stm32cubeide/plugins/com.st.stm32cube.ide.mcu.externaltools.gnu-tools-for-stm32.7-2018-q2-update.win32_1.5.0.202011040924/tools/bin/../lib/gcc/arm-none-eabi/7.3.1/thumb/v7e-m/fpv5/hard/crtbegin.o
                0x000000000800ee3c                PROVIDE (__init_array_end = .)
                0x000000000800ee3c                . = ALIGN (0x4)

.fini_array     0x000000000800ee3c        0x4
                0x000000000800ee3c                . = ALIGN (0x4)
                [!provide]                        PROVIDE (__fini_array_start = .)
 *(SORT_BY_NAME(.fini_array.*))
 *(.fini_array*)
 .fini_array    0x000000000800ee3c        0x4 d:/app/stm32cubeide_1.5.1/stm32cubeide/plugins/com.st.stm32cube.ide.mcu.externaltools.gnu-tools-for-stm32.7-2018-q2-update.win32_1.5.0.202011040924/tools/bin/../lib/gcc/arm-none-eabi/7.3.1/thumb/v7e-m/fpv5/hard/crtbegin.o
                [!provide]                        PROVIDE (__fini_array_end = .)
                0x000000000800ee40                . = ALIGN (0x4)
                0x000000000800ee40                _sidata = LOADADDR (.data)

.data           0x0000000024000000      0x21c load address 0x000000000800ee40
                0x0000000024000000                . = ALIGN (0x4)
                0x0000000024000000                _sdata = .
 *(.data)
 *(.data*)
 .data.LCD_SCAN_MODE
                0x0000000024000000        0x1 Core/Src/LCD.o
                0x0000000024000000                LCD_SCAN_MODE
 *fill*         0x0000000024000001        0x1 
 .data.LCD_X_LENGTH
                0x0000000024000002        0x2 Core/Src/LCD.o
                0x0000000024000002                LCD_X_LENGTH
 .data.LCD_Y_LENGTH
                0x0000000024000004        0x2 Core/Src/LCD.o
                0x0000000024000004                LCD_Y_LENGTH
 *fill*         0x0000000024000006        0x2 
 .data.LCD_Currentfonts
                0x0000000024000008        0x4 Core/Src/LCD.o
 .data.CurrentBackColor
                0x000000002400000c        0x2 Core/Src/LCD.o
 *fill*         0x000000002400000e        0x2 
 .data.Font8x16
                0x0000000024000010        0x8 Core/Src/fonts.o
                0x0000000024000010                Font8x16
 .data.latitude
                0x0000000024000018        0xf Core/Src/main.o
                0x0000000024000018                latitude
 *fill*         0x0000000024000027        0x1 
 .data.longitude
                0x0000000024000028        0xf Core/Src/main.o
                0x0000000024000028                longitude
 *fill*         0x0000000024000037        0x1 
 .data.SystemCoreClock
                0x0000000024000038        0x4 Core/Src/system_stm32h7xx.o
                0x0000000024000038                SystemCoreClock
 .data.SystemD2Clock
                0x000000002400003c        0x4 Core/Src/system_stm32h7xx.o
                0x000000002400003c                SystemD2Clock
 .data.imgMode  0x0000000024000040        0x1 Drivers/OV7670/OV7670.o
 *fill*         0x0000000024000041        0x3 
 .data.uwTickPrio
                0x0000000024000044        0x4 Drivers/STM32H7xx_HAL_Driver/Src/stm32h7xx_hal.o
                0x0000000024000044                uwTickPrio
 .data.uwTickFreq
                0x0000000024000048        0x1 Drivers/STM32H7xx_HAL_Driver/Src/stm32h7xx_hal.o
                0x0000000024000048                uwTickFreq
 *fill*         0x0000000024000049        0x3 
 .data._impure_ptr
                0x000000002400004c        0x4 d:/app/stm32cubeide_1.5.1/stm32cubeide/plugins/com.st.stm32cube.ide.mcu.externaltools.gnu-tools-for-stm32.7-2018-q2-update.win32_1.5.0.202011040924/tools/bin/../lib/gcc/arm-none-eabi/7.3.1/../../../../arm-none-eabi/lib/thumb/v7e-m/fpv5/hard\libc_nano.a(lib_a-impure.o)
                0x000000002400004c                _impure_ptr
 .data.impure_data
                0x0000000024000050       0x60 d:/app/stm32cubeide_1.5.1/stm32cubeide/plugins/com.st.stm32cube.ide.mcu.externaltools.gnu-tools-for-stm32.7-2018-q2-update.win32_1.5.0.202011040924/tools/bin/../lib/gcc/arm-none-eabi/7.3.1/../../../../arm-none-eabi/lib/thumb/v7e-m/fpv5/hard\libc_nano.a(lib_a-impure.o)
 .data.__global_locale
                0x00000000240000b0      0x16c d:/app/stm32cubeide_1.5.1/stm32cubeide/plugins/com.st.stm32cube.ide.mcu.externaltools.gnu-tools-for-stm32.7-2018-q2-update.win32_1.5.0.202011040924/tools/bin/../lib/gcc/arm-none-eabi/7.3.1/../../../../arm-none-eabi/lib/thumb/v7e-m/fpv5/hard\libc_nano.a(lib_a-locale.o)
                0x00000000240000b0                __global_locale
                0x000000002400021c                . = ALIGN (0x4)
                0x000000002400021c                _edata = .

.igot.plt       0x000000002400021c        0x0 load address 0x000000000800f05c
 .igot.plt      0x000000002400021c        0x0 d:/app/stm32cubeide_1.5.1/stm32cubeide/plugins/com.st.stm32cube.ide.mcu.externaltools.gnu-tools-for-stm32.7-2018-q2-update.win32_1.5.0.202011040924/tools/bin/../lib/gcc/arm-none-eabi/7.3.1/thumb/v7e-m/fpv5/hard/crtbegin.o
                0x000000002400021c                . = ALIGN (0x4)

.bss            0x000000002400021c    0x2629c load address 0x000000000800f05c
                0x000000002400021c                _sbss = .
                0x000000002400021c                __bss_start__ = _sbss
 *(.bss)
 .bss           0x000000002400021c       0x1c d:/app/stm32cubeide_1.5.1/stm32cubeide/plugins/com.st.stm32cube.ide.mcu.externaltools.gnu-tools-for-stm32.7-2018-q2-update.win32_1.5.0.202011040924/tools/bin/../lib/gcc/arm-none-eabi/7.3.1/thumb/v7e-m/fpv5/hard/crtbegin.o
 *(.bss*)
 .bss.CurrentTextColor
                0x0000000024000238        0x2 Core/Src/LCD.o
 .bss.new_capture
                0x000000002400023a        0x1 Core/Src/main.o
                0x000000002400023a                new_capture
 .bss.count_send_gps_time
                0x000000002400023b        0x1 Core/Src/main.o
                0x000000002400023b                count_send_gps_time
 .bss.total_people
                0x000000002400023c        0x4 Core/Src/main.o
                0x000000002400023c                total_people
 .bss.point     0x0000000024000240        0x2 Core/Src/main.o
                0x0000000024000240                point
 .bss.ifOneline
                0x0000000024000242        0x1 Core/Src/main.o
                0x0000000024000242                ifOneline
 *fill*         0x0000000024000243        0x1 
 .bss.num       0x0000000024000244        0x4 Core/Src/main.o
                0x0000000024000244                num
 .bss.FMC_Initialized
                0x0000000024000248        0x4 Core/Src/stm32h7xx_hal_msp.o
 .bss.__sbrk_heap_end
                0x000000002400024c        0x4 Core/Src/sysmem.o
 .bss.sp_hdcmi  0x0000000024000250        0x4 Drivers/OV7670/OV7670.o
 .bss.sp_hdma_dcmi
                0x0000000024000254        0x4 Drivers/OV7670/OV7670.o
 .bss.sp_hi2c   0x0000000024000258        0x4 Drivers/OV7670/OV7670.o
 .bss.s_destAddressForContiuousMode
                0x000000002400025c        0x4 Drivers/OV7670/OV7670.o
 .bss.s_cbHsync
                0x0000000024000260        0x4 Drivers/OV7670/OV7670.o
 .bss.s_cbVsync
                0x0000000024000264        0x4 Drivers/OV7670/OV7670.o
 .bss.s_cbFrame
                0x0000000024000268        0x4 Drivers/OV7670/OV7670.o
 .bss.s_currentH
                0x000000002400026c        0x4 Drivers/OV7670/OV7670.o
 .bss.s_currentV
                0x0000000024000270        0x4 Drivers/OV7670/OV7670.o
 .bss.capture   0x0000000024000274        0x1 Drivers/OV7670/OV7670.o
 *fill*         0x0000000024000275        0x3 
 .bss.__malloc_free_list
                0x0000000024000278        0x4 d:/app/stm32cubeide_1.5.1/stm32cubeide/plugins/com.st.stm32cube.ide.mcu.externaltools.gnu-tools-for-stm32.7-2018-q2-update.win32_1.5.0.202011040924/tools/bin/../lib/gcc/arm-none-eabi/7.3.1/../../../../arm-none-eabi/lib/thumb/v7e-m/fpv5/hard\libc_nano.a(lib_a-nano-mallocr.o)
                0x0000000024000278                __malloc_free_list
 .bss.__malloc_sbrk_start
                0x000000002400027c        0x4 d:/app/stm32cubeide_1.5.1/stm32cubeide/plugins/com.st.stm32cube.ide.mcu.externaltools.gnu-tools-for-stm32.7-2018-q2-update.win32_1.5.0.202011040924/tools/bin/../lib/gcc/arm-none-eabi/7.3.1/../../../../arm-none-eabi/lib/thumb/v7e-m/fpv5/hard\libc_nano.a(lib_a-nano-mallocr.o)
                0x000000002400027c                __malloc_sbrk_start
 *(COMMON)
 COMMON         0x0000000024000280    0x26230 Core/Src/main.o
                0x0000000024000280                rdata
                0x0000000024000284                huart7
                0x0000000024000310                huart3
                0x000000002400039c                hi2c1
                0x00000000240003e8                hdma_dcmi
                0x0000000024000460                hot_buffer
                0x0000000024000468                T
                0x0000000024000470                hsram1
                0x00000000240004bc                huart5
                0x0000000024000548                hdcmi
                0x0000000024000598                huart1
                0x0000000024000624                rdata1
                0x0000000024000628                tem
                0x0000000024000630                GPSData
                0x00000000240006d8                wifi_rec
                0x00000000240006dc                USART_RX_BUF
                0x0000000024000ac4                huart4
                0x0000000024000b50                hspi1
                0x0000000024000bd8                frame_buffer
                0x00000000240263d8                htim2
                0x0000000024026424                huart2
 COMMON         0x00000000240264b0        0x4 Drivers/STM32H7xx_HAL_Driver/Src/stm32h7xx_hal.o
                0x00000000240264b0                uwTick
 COMMON         0x00000000240264b4        0x4 d:/app/stm32cubeide_1.5.1/stm32cubeide/plugins/com.st.stm32cube.ide.mcu.externaltools.gnu-tools-for-stm32.7-2018-q2-update.win32_1.5.0.202011040924/tools/bin/../lib/gcc/arm-none-eabi/7.3.1/../../../../arm-none-eabi/lib/thumb/v7e-m/fpv5/hard\libc_nano.a(lib_a-reent.o)
                0x00000000240264b4                errno
                0x00000000240264b8                . = ALIGN (0x4)
                0x00000000240264b8                _ebss = .
                0x00000000240264b8                __bss_end__ = _ebss

._user_heap_stack
                0x00000000240264b8      0x600 load address 0x000000000800f05c
                0x00000000240264b8                . = ALIGN (0x8)
                [!provide]                        PROVIDE (end = .)
                0x00000000240264b8                PROVIDE (_end = .)
                0x00000000240266b8                . = (. + _Min_Heap_Size)
 *fill*         0x00000000240264b8      0x200 
                0x0000000024026ab8                . = (. + _Min_Stack_Size)
 *fill*         0x00000000240266b8      0x400 
                0x0000000024026ab8                . = ALIGN (0x8)

/DISCARD/
 libc.a(*)
 libm.a(*)
 libgcc.a(*)

.ARM.attributes
                0x0000000000000000       0x2e
 *(.ARM.attributes)
 .ARM.attributes
                0x0000000000000000       0x20 d:/app/stm32cubeide_1.5.1/stm32cubeide/plugins/com.st.stm32cube.ide.mcu.externaltools.gnu-tools-for-stm32.7-2018-q2-update.win32_1.5.0.202011040924/tools/bin/../lib/gcc/arm-none-eabi/7.3.1/thumb/v7e-m/fpv5/hard/crti.o
 .ARM.attributes
                0x0000000000000020       0x32 d:/app/stm32cubeide_1.5.1/stm32cubeide/plugins/com.st.stm32cube.ide.mcu.externaltools.gnu-tools-for-stm32.7-2018-q2-update.win32_1.5.0.202011040924/tools/bin/../lib/gcc/arm-none-eabi/7.3.1/thumb/v7e-m/fpv5/hard/crtbegin.o
 .ARM.attributes
                0x0000000000000052       0x37 Core/Src/LCD.o
 .ARM.attributes
                0x0000000000000089       0x37 Core/Src/fonts.o
 .ARM.attributes
                0x00000000000000c0       0x37 Core/Src/main.o
 .ARM.attributes
                0x00000000000000f7       0x37 Core/Src/stm32h7xx_hal_msp.o
 .ARM.attributes
                0x000000000000012e       0x37 Core/Src/stm32h7xx_it.o
 .ARM.attributes
                0x0000000000000165       0x37 Core/Src/sysmem.o
 .ARM.attributes
                0x000000000000019c       0x37 Core/Src/system_stm32h7xx.o
 .ARM.attributes
                0x00000000000001d3       0x21 Core/Startup/startup_stm32h743zitx.o
 .ARM.attributes
                0x00000000000001f4       0x37 Drivers/OV7670/OV7670.o
 .ARM.attributes
                0x000000000000022b       0x37 Drivers/STM32H7xx_HAL_Driver/Src/stm32h7xx_hal.o
 .ARM.attributes
                0x0000000000000262       0x37 Drivers/STM32H7xx_HAL_Driver/Src/stm32h7xx_hal_cortex.o
 .ARM.attributes
                0x0000000000000299       0x37 Drivers/STM32H7xx_HAL_Driver/Src/stm32h7xx_hal_dcmi.o
 .ARM.attributes
                0x00000000000002d0       0x37 Drivers/STM32H7xx_HAL_Driver/Src/stm32h7xx_hal_dma.o
 .ARM.attributes
                0x0000000000000307       0x37 Drivers/STM32H7xx_HAL_Driver/Src/stm32h7xx_hal_dma_ex.o
 .ARM.attributes
                0x000000000000033e       0x37 Drivers/STM32H7xx_HAL_Driver/Src/stm32h7xx_hal_gpio.o
 .ARM.attributes
                0x0000000000000375       0x37 Drivers/STM32H7xx_HAL_Driver/Src/stm32h7xx_hal_i2c.o
 .ARM.attributes
                0x00000000000003ac       0x37 Drivers/STM32H7xx_HAL_Driver/Src/stm32h7xx_hal_i2c_ex.o
 .ARM.attributes
                0x00000000000003e3       0x37 Drivers/STM32H7xx_HAL_Driver/Src/stm32h7xx_hal_pwr_ex.o
 .ARM.attributes
                0x000000000000041a       0x37 Drivers/STM32H7xx_HAL_Driver/Src/stm32h7xx_hal_rcc.o
 .ARM.attributes
                0x0000000000000451       0x37 Drivers/STM32H7xx_HAL_Driver/Src/stm32h7xx_hal_rcc_ex.o
 .ARM.attributes
                0x0000000000000488       0x37 Drivers/STM32H7xx_HAL_Driver/Src/stm32h7xx_hal_spi.o
 .ARM.attributes
                0x00000000000004bf       0x37 Drivers/STM32H7xx_HAL_Driver/Src/stm32h7xx_hal_sram.o
 .ARM.attributes
                0x00000000000004f6       0x37 Drivers/STM32H7xx_HAL_Driver/Src/stm32h7xx_hal_tim.o
 .ARM.attributes
                0x000000000000052d       0x37 Drivers/STM32H7xx_HAL_Driver/Src/stm32h7xx_hal_tim_ex.o
 .ARM.attributes
                0x0000000000000564       0x37 Drivers/STM32H7xx_HAL_Driver/Src/stm32h7xx_hal_uart.o
 .ARM.attributes
                0x000000000000059b       0x37 Drivers/STM32H7xx_HAL_Driver/Src/stm32h7xx_hal_uart_ex.o
 .ARM.attributes
                0x00000000000005d2       0x37 Drivers/STM32H7xx_HAL_Driver/Src/stm32h7xx_ll_fmc.o
 .ARM.attributes
                0x0000000000000609       0x32 d:/app/stm32cubeide_1.5.1/stm32cubeide/plugins/com.st.stm32cube.ide.mcu.externaltools.gnu-tools-for-stm32.7-2018-q2-update.win32_1.5.0.202011040924/tools/bin/../lib/gcc/arm-none-eabi/7.3.1/../../../../arm-none-eabi/lib/thumb/v7e-m/fpv5/hard\libc_nano.a(lib_a-errno.o)
 .ARM.attributes
                0x000000000000063b       0x32 d:/app/stm32cubeide_1.5.1/stm32cubeide/plugins/com.st.stm32cube.ide.mcu.externaltools.gnu-tools-for-stm32.7-2018-q2-update.win32_1.5.0.202011040924/tools/bin/../lib/gcc/arm-none-eabi/7.3.1/../../../../arm-none-eabi/lib/thumb/v7e-m/fpv5/hard\libc_nano.a(lib_a-impure.o)
 .ARM.attributes
                0x000000000000066d       0x32 d:/app/stm32cubeide_1.5.1/stm32cubeide/plugins/com.st.stm32cube.ide.mcu.externaltools.gnu-tools-for-stm32.7-2018-q2-update.win32_1.5.0.202011040924/tools/bin/../lib/gcc/arm-none-eabi/7.3.1/../../../../arm-none-eabi/lib/thumb/v7e-m/fpv5/hard\libc_nano.a(lib_a-init.o)
 .ARM.attributes
                0x000000000000069f       0x32 d:/app/stm32cubeide_1.5.1/stm32cubeide/plugins/com.st.stm32cube.ide.mcu.externaltools.gnu-tools-for-stm32.7-2018-q2-update.win32_1.5.0.202011040924/tools/bin/../lib/gcc/arm-none-eabi/7.3.1/../../../../arm-none-eabi/lib/thumb/v7e-m/fpv5/hard\libc_nano.a(lib_a-itoa.o)
 .ARM.attributes
                0x00000000000006d1       0x32 d:/app/stm32cubeide_1.5.1/stm32cubeide/plugins/com.st.stm32cube.ide.mcu.externaltools.gnu-tools-for-stm32.7-2018-q2-update.win32_1.5.0.202011040924/tools/bin/../lib/gcc/arm-none-eabi/7.3.1/../../../../arm-none-eabi/lib/thumb/v7e-m/fpv5/hard\libc_nano.a(lib_a-malloc.o)
 .ARM.attributes
                0x0000000000000703       0x32 d:/app/stm32cubeide_1.5.1/stm32cubeide/plugins/com.st.stm32cube.ide.mcu.externaltools.gnu-tools-for-stm32.7-2018-q2-update.win32_1.5.0.202011040924/tools/bin/../lib/gcc/arm-none-eabi/7.3.1/../../../../arm-none-eabi/lib/thumb/v7e-m/fpv5/hard\libc_nano.a(lib_a-memcpy-stub.o)
 .ARM.attributes
                0x0000000000000735       0x32 d:/app/stm32cubeide_1.5.1/stm32cubeide/plugins/com.st.stm32cube.ide.mcu.externaltools.gnu-tools-for-stm32.7-2018-q2-update.win32_1.5.0.202011040924/tools/bin/../lib/gcc/arm-none-eabi/7.3.1/../../../../arm-none-eabi/lib/thumb/v7e-m/fpv5/hard\libc_nano.a(lib_a-memset.o)
 .ARM.attributes
                0x0000000000000767       0x32 d:/app/stm32cubeide_1.5.1/stm32cubeide/plugins/com.st.stm32cube.ide.mcu.externaltools.gnu-tools-for-stm32.7-2018-q2-update.win32_1.5.0.202011040924/tools/bin/../lib/gcc/arm-none-eabi/7.3.1/../../../../arm-none-eabi/lib/thumb/v7e-m/fpv5/hard\libc_nano.a(lib_a-nano-freer.o)
 .ARM.attributes
                0x0000000000000799       0x32 d:/app/stm32cubeide_1.5.1/stm32cubeide/plugins/com.st.stm32cube.ide.mcu.externaltools.gnu-tools-for-stm32.7-2018-q2-update.win32_1.5.0.202011040924/tools/bin/../lib/gcc/arm-none-eabi/7.3.1/../../../../arm-none-eabi/lib/thumb/v7e-m/fpv5/hard\libc_nano.a(lib_a-nano-mallocr.o)
 .ARM.attributes
                0x00000000000007cb       0x32 d:/app/stm32cubeide_1.5.1/stm32cubeide/plugins/com.st.stm32cube.ide.mcu.externaltools.gnu-tools-for-stm32.7-2018-q2-update.win32_1.5.0.202011040924/tools/bin/../lib/gcc/arm-none-eabi/7.3.1/../../../../arm-none-eabi/lib/thumb/v7e-m/fpv5/hard\libc_nano.a(lib_a-nano-vfprintf_float.o)
 .ARM.attributes
                0x00000000000007fd       0x32 d:/app/stm32cubeide_1.5.1/stm32cubeide/plugins/com.st.stm32cube.ide.mcu.externaltools.gnu-tools-for-stm32.7-2018-q2-update.win32_1.5.0.202011040924/tools/bin/../lib/gcc/arm-none-eabi/7.3.1/../../../../arm-none-eabi/lib/thumb/v7e-m/fpv5/hard\libc_nano.a(lib_a-nano-vfprintf_i.o)
 .ARM.attributes
                0x000000000000082f       0x32 d:/app/stm32cubeide_1.5.1/stm32cubeide/plugins/com.st.stm32cube.ide.mcu.externaltools.gnu-tools-for-stm32.7-2018-q2-update.win32_1.5.0.202011040924/tools/bin/../lib/gcc/arm-none-eabi/7.3.1/../../../../arm-none-eabi/lib/thumb/v7e-m/fpv5/hard\libc_nano.a(lib_a-sbrkr.o)
 .ARM.attributes
                0x0000000000000861       0x32 d:/app/stm32cubeide_1.5.1/stm32cubeide/plugins/com.st.stm32cube.ide.mcu.externaltools.gnu-tools-for-stm32.7-2018-q2-update.win32_1.5.0.202011040924/tools/bin/../lib/gcc/arm-none-eabi/7.3.1/../../../../arm-none-eabi/lib/thumb/v7e-m/fpv5/hard\libc_nano.a(lib_a-strcat.o)
 .ARM.attributes
                0x0000000000000893       0x32 d:/app/stm32cubeide_1.5.1/stm32cubeide/plugins/com.st.stm32cube.ide.mcu.externaltools.gnu-tools-for-stm32.7-2018-q2-update.win32_1.5.0.202011040924/tools/bin/../lib/gcc/arm-none-eabi/7.3.1/../../../../arm-none-eabi/lib/thumb/v7e-m/fpv5/hard\libc_nano.a(lib_a-strcpy.o)
 .ARM.attributes
                0x00000000000008c5       0x19 d:/app/stm32cubeide_1.5.1/stm32cubeide/plugins/com.st.stm32cube.ide.mcu.externaltools.gnu-tools-for-stm32.7-2018-q2-update.win32_1.5.0.202011040924/tools/bin/../lib/gcc/arm-none-eabi/7.3.1/../../../../arm-none-eabi/lib/thumb/v7e-m/fpv5/hard\libc_nano.a(lib_a-strlen.o)
 .ARM.attributes
                0x00000000000008de       0x32 d:/app/stm32cubeide_1.5.1/stm32cubeide/plugins/com.st.stm32cube.ide.mcu.externaltools.gnu-tools-for-stm32.7-2018-q2-update.win32_1.5.0.202011040924/tools/bin/../lib/gcc/arm-none-eabi/7.3.1/../../../../arm-none-eabi/lib/thumb/v7e-m/fpv5/hard\libc_nano.a(lib_a-strstr.o)
 .ARM.attributes
                0x0000000000000910       0x32 d:/app/stm32cubeide_1.5.1/stm32cubeide/plugins/com.st.stm32cube.ide.mcu.externaltools.gnu-tools-for-stm32.7-2018-q2-update.win32_1.5.0.202011040924/tools/bin/../lib/gcc/arm-none-eabi/7.3.1/../../../../arm-none-eabi/lib/thumb/v7e-m/fpv5/hard\libc_nano.a(lib_a-utoa.o)
 .ARM.attributes
                0x0000000000000942       0x32 d:/app/stm32cubeide_1.5.1/stm32cubeide/plugins/com.st.stm32cube.ide.mcu.externaltools.gnu-tools-for-stm32.7-2018-q2-update.win32_1.5.0.202011040924/tools/bin/../lib/gcc/arm-none-eabi/7.3.1/../../../../arm-none-eabi/lib/thumb/v7e-m/fpv5/hard\libc_nano.a(lib_a-dtoa.o)
 .ARM.attributes
                0x0000000000000974       0x32 d:/app/stm32cubeide_1.5.1/stm32cubeide/plugins/com.st.stm32cube.ide.mcu.externaltools.gnu-tools-for-stm32.7-2018-q2-update.win32_1.5.0.202011040924/tools/bin/../lib/gcc/arm-none-eabi/7.3.1/../../../../arm-none-eabi/lib/thumb/v7e-m/fpv5/hard\libc_nano.a(lib_a-localeconv.o)
 .ARM.attributes
                0x00000000000009a6       0x32 d:/app/stm32cubeide_1.5.1/stm32cubeide/plugins/com.st.stm32cube.ide.mcu.externaltools.gnu-tools-for-stm32.7-2018-q2-update.win32_1.5.0.202011040924/tools/bin/../lib/gcc/arm-none-eabi/7.3.1/../../../../arm-none-eabi/lib/thumb/v7e-m/fpv5/hard\libc_nano.a(lib_a-mlock.o)
 .ARM.attributes
                0x00000000000009d8       0x32 d:/app/stm32cubeide_1.5.1/stm32cubeide/plugins/com.st.stm32cube.ide.mcu.externaltools.gnu-tools-for-stm32.7-2018-q2-update.win32_1.5.0.202011040924/tools/bin/../lib/gcc/arm-none-eabi/7.3.1/../../../../arm-none-eabi/lib/thumb/v7e-m/fpv5/hard\libc_nano.a(lib_a-mprec.o)
 .ARM.attributes
                0x0000000000000a0a       0x32 d:/app/stm32cubeide_1.5.1/stm32cubeide/plugins/com.st.stm32cube.ide.mcu.externaltools.gnu-tools-for-stm32.7-2018-q2-update.win32_1.5.0.202011040924/tools/bin/../lib/gcc/arm-none-eabi/7.3.1/../../../../arm-none-eabi/lib/thumb/v7e-m/fpv5/hard\libc_nano.a(lib_a-nano-callocr.o)
 .ARM.attributes
                0x0000000000000a3c       0x32 d:/app/stm32cubeide_1.5.1/stm32cubeide/plugins/com.st.stm32cube.ide.mcu.externaltools.gnu-tools-for-stm32.7-2018-q2-update.win32_1.5.0.202011040924/tools/bin/../lib/gcc/arm-none-eabi/7.3.1/../../../../arm-none-eabi/lib/thumb/v7e-m/fpv5/hard\libc_nano.a(lib_a-reent.o)
 .ARM.attributes
                0x0000000000000a6e       0x32 d:/app/stm32cubeide_1.5.1/stm32cubeide/plugins/com.st.stm32cube.ide.mcu.externaltools.gnu-tools-for-stm32.7-2018-q2-update.win32_1.5.0.202011040924/tools/bin/../lib/gcc/arm-none-eabi/7.3.1/../../../../arm-none-eabi/lib/thumb/v7e-m/fpv5/hard\libc_nano.a(lib_a-locale.o)
 .ARM.attributes
                0x0000000000000aa0       0x32 d:/app/stm32cubeide_1.5.1/stm32cubeide/plugins/com.st.stm32cube.ide.mcu.externaltools.gnu-tools-for-stm32.7-2018-q2-update.win32_1.5.0.202011040924/tools/bin/../lib/gcc/arm-none-eabi/7.3.1/../../../../arm-none-eabi/lib/thumb/v7e-m/fpv5/hard\libc_nano.a(lib_a-mbtowc_r.o)
 .ARM.attributes
                0x0000000000000ad2       0x32 d:/app/stm32cubeide_1.5.1/stm32cubeide/plugins/com.st.stm32cube.ide.mcu.externaltools.gnu-tools-for-stm32.7-2018-q2-update.win32_1.5.0.202011040924/tools/bin/../lib/gcc/arm-none-eabi/7.3.1/../../../../arm-none-eabi/lib/thumb/v7e-m/fpv5/hard\libc_nano.a(lib_a-wctomb_r.o)
 .ARM.attributes
                0x0000000000000b04       0x32 d:/app/stm32cubeide_1.5.1/stm32cubeide/plugins/com.st.stm32cube.ide.mcu.externaltools.gnu-tools-for-stm32.7-2018-q2-update.win32_1.5.0.202011040924/tools/bin/../lib/gcc/arm-none-eabi/7.3.1/../../../../arm-none-eabi/lib/thumb/v7e-m/fpv5/hard\libc_nano.a(lib_a-ctype_.o)
 .ARM.attributes
                0x0000000000000b36       0x20 d:/app/stm32cubeide_1.5.1/stm32cubeide/plugins/com.st.stm32cube.ide.mcu.externaltools.gnu-tools-for-stm32.7-2018-q2-update.win32_1.5.0.202011040924/tools/bin/../lib/gcc/arm-none-eabi/7.3.1/thumb/v7e-m/fpv5/hard\libgcc.a(_aeabi_uldivmod.o)
 .ARM.attributes
                0x0000000000000b56       0x32 d:/app/stm32cubeide_1.5.1/stm32cubeide/plugins/com.st.stm32cube.ide.mcu.externaltools.gnu-tools-for-stm32.7-2018-q2-update.win32_1.5.0.202011040924/tools/bin/../lib/gcc/arm-none-eabi/7.3.1/thumb/v7e-m/fpv5/hard\libgcc.a(_udivmoddi4.o)
 .ARM.attributes